Archive member included to satisfy reference by file (symbol)

../../Middlewares/ST/AI/Lib\NetworkRuntime1000_CM7_GCC.a(ai_platform.o)
                              ./X-CUBE-AI/App/network.o (ai_buffer_array_item_set_address)
../../Middlewares/ST/AI/Lib\NetworkRuntime1000_CM7_GCC.a(ai_platform_interface.o)
                              ./X-CUBE-AI/App/network.o (ai_platform_get_weights_map)
../../Middlewares/ST/AI/Lib\NetworkRuntime1000_CM7_GCC.a(core_common.o)
                              ../../Middlewares/ST/AI/Lib\NetworkRuntime1000_CM7_GCC.a(ai_platform_interface.o) (core_init)
../../Middlewares/ST/AI/Lib\NetworkRuntime1000_CM7_GCC.a(core_mem_manager.o)
                              ../../Middlewares/ST/AI/Lib\NetworkRuntime1000_CM7_GCC.a(ai_platform_interface.o) (core_mem_alloc)
../../Middlewares/ST/AI/Lib\NetworkRuntime1000_CM7_GCC.a(layers.o)
                              ../../Middlewares/ST/AI/Lib\NetworkRuntime1000_CM7_GCC.a(ai_platform_interface.o) (ai_check_custom_types)
../../Middlewares/ST/AI/Lib\NetworkRuntime1000_CM7_GCC.a(layers_conv2d_sssa8_ch.o)
                              ./X-CUBE-AI/App/network.o (forward_conv2d_deep_3x3_sssa8_ch_nl_pool)
../../Middlewares/ST/AI/Lib\NetworkRuntime1000_CM7_GCC.a(layers_conv2d_stm32_integer.o)
                              ./X-CUBE-AI/App/network.o (forward_dense_integer_SSSA_ch)
../../Middlewares/ST/AI/Lib\NetworkRuntime1000_CM7_GCC.a(layers_nl_stm32_integer.o)
                              ./X-CUBE-AI/App/network.o (forward_sm_integer)
../../Middlewares/ST/AI/Lib\NetworkRuntime1000_CM7_GCC.a(layers_pool_stm32_integer.o)
                              ./X-CUBE-AI/App/network.o (pool_func_mp_array_integer_INT8)
../../Middlewares/ST/AI/Lib\NetworkRuntime1000_CM7_GCC.a(layers_conv2d_integer_scratch.o)
                              ../../Middlewares/ST/AI/Lib\NetworkRuntime1000_CM7_GCC.a(layers.o) (get_conv2d_scratch_size)
../../Middlewares/ST/AI/Lib\NetworkRuntime1000_CM7_GCC.a(forward_lite_dense_is8os8ws8.o)
                              ../../Middlewares/ST/AI/Lib\NetworkRuntime1000_CM7_GCC.a(layers_conv2d_stm32_integer.o) (forward_lite_dense_is8os8ws8)
../../Middlewares/ST/AI/Lib\NetworkRuntime1000_CM7_GCC.a(forward_lite_maxpool_is8os8_scalepos.o)
                              ../../Middlewares/ST/AI/Lib\NetworkRuntime1000_CM7_GCC.a(layers_pool_stm32_integer.o) (forward_lite_maxpool_is8os8_scalepos)
../../Middlewares/ST/AI/Lib\NetworkRuntime1000_CM7_GCC.a(forward_lite_avepool_is8os8.o)
                              ../../Middlewares/ST/AI/Lib\NetworkRuntime1000_CM7_GCC.a(layers_pool_stm32_integer.o) (forward_lite_avepool_is8os8)
../../Middlewares/ST/AI/Lib\NetworkRuntime1000_CM7_GCC.a(forward_lite_conv2d_sssa8_ch.o)
                              ../../Middlewares/ST/AI/Lib\NetworkRuntime1000_CM7_GCC.a(layers_conv2d_sssa8_ch.o) (forward_lite_conv2d_dilated_sssa8_ch)
../../Middlewares/ST/AI/Lib\NetworkRuntime1000_CM7_GCC.a(forward_lite_maxpool_is16os16.o)
                              ../../Middlewares/ST/AI/Lib\NetworkRuntime1000_CM7_GCC.a(layers_pool_stm32_integer.o) (forward_lite_maxpool_is16os16_scalepos)
../../Middlewares/ST/AI/Lib\NetworkRuntime1000_CM7_GCC.a(forward_lite_maxpool_is8os8.o)
                              ../../Middlewares/ST/AI/Lib\NetworkRuntime1000_CM7_GCC.a(layers_pool_stm32_integer.o) (forward_lite_maxpool_is8os8_scaleneg)
../../Middlewares/ST/AI/Lib\NetworkRuntime1000_CM7_GCC.a(forward_lite_maxpool_iu16ou16.o)
                              ../../Middlewares/ST/AI/Lib\NetworkRuntime1000_CM7_GCC.a(layers_pool_stm32_integer.o) (forward_lite_maxpool_iu16ou16_scalepos)
../../Middlewares/ST/AI/Lib\NetworkRuntime1000_CM7_GCC.a(forward_lite_maxpool_iu8ou8.o)
                              ../../Middlewares/ST/AI/Lib\NetworkRuntime1000_CM7_GCC.a(layers_pool_stm32_integer.o) (forward_lite_maxpool_iu8ou8_scalepos)
../../Middlewares/ST/AI/Lib\NetworkRuntime1000_CM7_GCC.a(lite_nl_generic_integer.o)
                              ../../Middlewares/ST/AI/Lib\NetworkRuntime1000_CM7_GCC.a(layers_nl_stm32_integer.o) (forward_lite_nl_softmax_is8os8)
../../Middlewares/ST/AI/Lib\NetworkRuntime1000_CM7_GCC.a(st_align_factor.o)
                              ../../Middlewares/ST/AI/Lib\NetworkRuntime1000_CM7_GCC.a(layers_conv2d_stm32_integer.o) (align_factor)
../../Middlewares/ST/AI/Lib\NetworkRuntime1000_CM7_GCC.a(st_int8_to16_no_shift.o)
                              ../../Middlewares/ST/AI/Lib\NetworkRuntime1000_CM7_GCC.a(forward_lite_conv2d_sssa8_ch.o) (st_int8_to16_no_shift)
../../Middlewares/ST/AI/Lib\NetworkRuntime1000_CM7_GCC.a(st_padding_opt.o)
                              ../../Middlewares/ST/AI/Lib\NetworkRuntime1000_CM7_GCC.a(forward_lite_conv2d_sssa8_ch.o) (ai_padding_opt_init)
../../Middlewares/ST/AI/Lib\NetworkRuntime1000_CM7_GCC.a(st_int8_pool.o)
                              ../../Middlewares/ST/AI/Lib\NetworkRuntime1000_CM7_GCC.a(forward_lite_avepool_is8os8.o) (st_int8_avepool)
[...]
Memory Configuration

Name             Origin             Length             Attributes
RAM_D1           0x24000000         0x00080000         xrw
FLASH            0x08000000         0x00100000         xr
DTCMRAM          0x20000000         0x00020000         xrw
RAM_D2           0x30000000         0x00048000         xrw
RAM_D3           0x38000000         0x00010000         xrw
ITCMRAM          0x00000000         0x00010000         xrw
*default*        0x00000000         0xffffffff

Linker script and memory map

LOAD C:/ST/STM32CubeIDE_1.18.0/STM32CubeIDE/plugins/com.st.stm32cube.ide.mcu.externaltools.gnu-tools-for-stm32.13.3.rel1.win32_1.0.0.202411081344/tools/bin/../lib/gcc/arm-none-eabi/13.3.1/thumb/v7e-m+dp/hard/crti.o
LOAD C:/ST/STM32CubeIDE_1.18.0/STM32CubeIDE/plugins/com.st.stm32cube.ide.mcu.externaltools.gnu-tools-for-stm32.13.3.rel1.win32_1.0.0.202411081344/tools/bin/../lib/gcc/arm-none-eabi/13.3.1/thumb/v7e-m+dp/hard/crtbegin.o
LOAD C:/ST/STM32CubeIDE_1.18.0/STM32CubeIDE/plugins/com.st.stm32cube.ide.mcu.externaltools.gnu-tools-for-stm32.13.3.rel1.win32_1.0.0.202411081344/tools/bin/../lib/gcc/arm-none-eabi/13.3.1/../../../../arm-none-eabi/lib/thumb/v7e-m+dp/hard/crt0.o
LOAD ./Common/Src/system_stm32h7xx_dualcore_boot_cm4_cm7.o
LOAD ./Core/Src/gpio.o
LOAD ./Core/Src/main.o
LOAD ./Core/Src/stm32h7xx_hal_msp.o
LOAD ./Core/Src/stm32h7xx_it.o
LOAD ./Core/Src/syscalls.o
LOAD ./Core/Src/sysmem.o
LOAD ./Core/Src/usart.o
LOAD ./Core/Startup/startup_stm32h755zitx.o
LOAD ./Drivers/STM32H7xx_HAL_Driver/stm32h7xx_hal.o
LOAD ./Drivers/STM32H7xx_HAL_Driver/stm32h7xx_hal_cortex.o
LOAD ./Drivers/STM32H7xx_HAL_Driver/stm32h7xx_hal_dma.o
LOAD ./Drivers/STM32H7xx_HAL_Driver/stm32h7xx_hal_dma_ex.o
LOAD ./Drivers/STM32H7xx_HAL_Driver/stm32h7xx_hal_exti.o
LOAD ./Drivers/STM32H7xx_HAL_Driver/stm32h7xx_hal_flash.o
LOAD ./Drivers/STM32H7xx_HAL_Driver/stm32h7xx_hal_flash_ex.o
LOAD ./Drivers/STM32H7xx_HAL_Driver/stm32h7xx_hal_gpio.o
LOAD ./Drivers/STM32H7xx_HAL_Driver/stm32h7xx_hal_hsem.o
LOAD ./Drivers/STM32H7xx_HAL_Driver/stm32h7xx_hal_i2c.o
LOAD ./Drivers/STM32H7xx_HAL_Driver/stm32h7xx_hal_i2c_ex.o
LOAD ./Drivers/STM32H7xx_HAL_Driver/stm32h7xx_hal_mdma.o
LOAD ./Drivers/STM32H7xx_HAL_Driver/stm32h7xx_hal_pwr.o
LOAD ./Drivers/STM32H7xx_HAL_Driver/stm32h7xx_hal_pwr_ex.o
LOAD ./Drivers/STM32H7xx_HAL_Driver/stm32h7xx_hal_rcc.o
LOAD ./Drivers/STM32H7xx_HAL_Driver/stm32h7xx_hal_rcc_ex.o
LOAD ./Drivers/STM32H7xx_HAL_Driver/stm32h7xx_hal_tim.o
LOAD ./Drivers/STM32H7xx_HAL_Driver/stm32h7xx_hal_tim_ex.o
LOAD ./Drivers/STM32H7xx_HAL_Driver/stm32h7xx_hal_uart.o
LOAD ./Drivers/STM32H7xx_HAL_Driver/stm32h7xx_hal_uart_ex.o
LOAD ./X-CUBE-AI/App/app_x-cube-ai.o
LOAD ./X-CUBE-AI/App/network.o
LOAD ./X-CUBE-AI/App/network_data.o
LOAD ./X-CUBE-AI/App/network_data_params.o
LOAD ../../Middlewares/ST/AI/Lib\NetworkRuntime1000_CM7_GCC.a
START GROUP
LOAD C:/ST/STM32CubeIDE_1.18.0/STM32CubeIDE/plugins/com.st.stm32cube.ide.mcu.externaltools.gnu-tools-for-stm32.13.3.rel1.win32_1.0.0.202411081344/tools/bin/../lib/gcc/arm-none-eabi/13.3.1/../../../../arm-none-eabi/lib/thumb/v7e-m+dp/hard\libc_nano.a
LOAD C:/ST/STM32CubeIDE_1.18.0/STM32CubeIDE/plugins/com.st.stm32cube.ide.mcu.externaltools.gnu-tools-for-stm32.13.3.rel1.win32_1.0.0.202411081344/tools/bin/../lib/gcc/arm-none-eabi/13.3.1/../../../../arm-none-eabi/lib/thumb/v7e-m+dp/hard\libm.a
END GROUP
START GROUP
LOAD C:/ST/STM32CubeIDE_1.18.0/STM32CubeIDE/plugins/com.st.stm32cube.ide.mcu.externaltools.gnu-tools-for-stm32.13.3.rel1.win32_1.0.0.202411081344/tools/bin/../lib/gcc/arm-none-eabi/13.3.1/thumb/v7e-m+dp/hard\libgcc.a
LOAD C:/ST/STM32CubeIDE_1.18.0/STM32CubeIDE/plugins/com.st.stm32cube.ide.mcu.externaltools.gnu-tools-for-stm32.13.3.rel1.win32_1.0.0.202411081344/tools/bin/../lib/gcc/arm-none-eabi/13.3.1/../../../../arm-none-eabi/lib/thumb/v7e-m+dp/hard\libc_nano.a
END GROUP
START GROUP
LOAD C:/ST/STM32CubeIDE_1.18.0/STM32CubeIDE/plugins/com.st.stm32cube.ide.mcu.externaltools.gnu-tools-for-stm32.13.3.rel1.win32_1.0.0.202411081344/tools/bin/../lib/gcc/arm-none-eabi/13.3.1/thumb/v7e-m+dp/hard\libgcc.a
LOAD C:/ST/STM32CubeIDE_1.18.0/STM32CubeIDE/plugins/com.st.stm32cube.ide.mcu.externaltools.gnu-tools-for-stm32.13.3.rel1.win32_1.0.0.202411081344/tools/bin/../lib/gcc/arm-none-eabi/13.3.1/../../../../arm-none-eabi/lib/thumb/v7e-m+dp/hard\libc_nano.a
LOAD C:/ST/STM32CubeIDE_1.18.0/STM32CubeIDE/plugins/com.st.stm32cube.ide.mcu.externaltools.gnu-tools-for-stm32.13.3.rel1.win32_1.0.0.202411081344/tools/bin/../lib/gcc/arm-none-eabi/13.3.1/../../../../arm-none-eabi/lib/thumb/v7e-m+dp/hard\libnosys.a
END GROUP
START GROUP
LOAD C:/ST/STM32CubeIDE_1.18.0/STM32CubeIDE/plugins/com.st.stm32cube.ide.mcu.externaltools.gnu-tools-for-stm32.13.3.rel1.win32_1.0.0.202411081344/tools/bin/../lib/gcc/arm-none-eabi/13.3.1/thumb/v7e-m+dp/hard\libgcc.a
LOAD C:/ST/STM32CubeIDE_1.18.0/STM32CubeIDE/plugins/com.st.stm32cube.ide.mcu.externaltools.gnu-tools-for-stm32.13.3.rel1.win32_1.0.0.202411081344/tools/bin/../lib/gcc/arm-none-eabi/13.3.1/../../../../arm-none-eabi/lib/thumb/v7e-m+dp/hard\libc_nano.a
LOAD C:/ST/STM32CubeIDE_1.18.0/STM32CubeIDE/plugins/com.st.stm32cube.ide.mcu.externaltools.gnu-tools-for-stm32.13.3.rel1.win32_1.0.0.202411081344/tools/bin/../lib/gcc/arm-none-eabi/13.3.1/../../../../arm-none-eabi/lib/thumb/v7e-m+dp/hard\libnosys.a
END GROUP
LOAD C:/ST/STM32CubeIDE_1.18.0/STM32CubeIDE/plugins/com.st.stm32cube.ide.mcu.externaltools.gnu-tools-for-stm32.13.3.rel1.win32_1.0.0.202411081344/tools/bin/../lib/gcc/arm-none-eabi/13.3.1/thumb/v7e-m+dp/hard/crtend.o
LOAD C:/ST/STM32CubeIDE_1.18.0/STM32CubeIDE/plugins/com.st.stm32cube.ide.mcu.externaltools.gnu-tools-for-stm32.13.3.rel1.win32_1.0.0.202411081344/tools/bin/../lib/gcc/arm-none-eabi/13.3.1/thumb/v7e-m+dp/hard/crtn.o
                0x24080000                        _estack = (ORIGIN (RAM_D1) + LENGTH (RAM_D1))
                0x00000800                        _Min_Heap_Size = 0x800
                0x00000800                        _Min_Stack_Size = 0x800

.isr_vector     0x08000000      0x298
                0x08000000                        . = ALIGN (0x4)
 *(.isr_vector)
 .isr_vector    0x08000000      0x298 ./Core/Startup/startup_stm32h755zitx.o
                0x08000000                g_pfnVectors
                0x08000298                        . = ALIGN (0x4)

.text           0x08010000    0x13768
                0x08010000                        . = ALIGN (0x4)
 *(.text)
 .text          0x08010000       0x40 C:/ST/STM32CubeIDE_1.18.0/STM32CubeIDE/plugins/com.st.stm32cube.ide.mcu.externaltools.gnu-tools-for-stm32.13.3.rel1.win32_1.0.0.202411081344/tools/bin/../lib/gcc/arm-none-eabi/13.3.1/thumb/v7e-m+dp/hard/crtbegin.o
 .text          0x08010040       0x10 C:/ST/STM32CubeIDE_1.18.0/STM32CubeIDE/plugins/com.st.stm32cube.ide.mcu.externaltools.gnu-tools-for-stm32.13.3.rel1.win32_1.0.0.202411081344/tools/bin/../lib/gcc/arm-none-eabi/13.3.1/../../../../arm-none-eabi/lib/thumb/v7e-m+dp/hard\libc_nano.a(libc_a-strlen.o)
                0x08010040                strlen
 .text          0x08010050       0xa0 C:/ST/STM32CubeIDE_1.18.0/STM32CubeIDE/plugins/com.st.stm32cube.ide.mcu.externaltools.gnu-tools-for-stm32.13.3.rel1.win32_1.0.0.202411081344/tools/bin/../lib/gcc/arm-none-eabi/13.3.1/../../../../arm-none-eabi/lib/thumb/v7e-m+dp/hard\libc_nano.a(libc_a-memchr.o)
                0x08010050                memchr
 .text          0x080100f0       0x30 C:/ST/STM32CubeIDE_1.18.0/STM32CubeIDE/plugins/com.st.stm32cube.ide.mcu.externaltools.gnu-tools-for-stm32.13.3.rel1.win32_1.0.0.202411081344/tools/bin/../lib/gcc/arm-none-eabi/13.3.1/thumb/v7e-m+dp/hard\libgcc.a(_aeabi_uldivmod.o)
                0x080100f0                __aeabi_uldivmod
 .text          0x08010120      0x2f8 C:/ST/STM32CubeIDE_1.18.0/STM32CubeIDE/plugins/com.st.stm32cube.ide.mcu.externaltools.gnu-tools-for-stm32.13.3.rel1.win32_1.0.0.202411081344/tools/bin/../lib/gcc/arm-none-eabi/13.3.1/thumb/v7e-m+dp/hard\libgcc.a(_udivmoddi4.o)
                0x08010120                __udivmoddi4
 .text          0x08010418        0x4 C:/ST/STM32CubeIDE_1.18.0/STM32CubeIDE/plugins/com.st.stm32cube.ide.mcu.externaltools.gnu-tools-for-stm32.13.3.rel1.win32_1.0.0.202411081344/tools/bin/../lib/gcc/arm-none-eabi/13.3.1/thumb/v7e-m+dp/hard\libgcc.a(_dvmd_tls.o)
                0x08010418                __aeabi_idiv0
                0x08010418                __aeabi_ldiv0
 *(.text*)
 .text.SystemInit
                0x0801041c      0x15c ./Common/Src/system_stm32h7xx_dualcore_boot_cm4_cm7.o
                0x0801041c                SystemInit
 .text.ExitRun0Mode
                0x08010578       0x34 ./Common/Src/system_stm32h7xx_dualcore_boot_cm4_cm7.o
                0x08010578                ExitRun0Mode
 .text.MX_GPIO_Init
                0x080105ac       0x34 ./Core/Src/gpio.o
                0x080105ac                MX_GPIO_Init
 .text.main     0x080105e0      0x170 ./Core/Src/main.o
                0x080105e0                main
 .text.SystemClock_Config
                0x08010750       0xf8 ./Core/Src/main.o
                0x08010750                SystemClock_Config
 .text.MPU_Config
                0x08010848       0x58 ./Core/Src/main.o
 .text.Error_Handler
                0x080108a0        0xc ./Core/Src/main.o
                0x080108a0                Error_Handler
 .text.HAL_MspInit
                0x080108ac       0x34 ./Core/Src/stm32h7xx_hal_msp.o
                0x080108ac                HAL_MspInit
 .text.NMI_Handler
                0x080108e0        0x8 ./Core/Src/stm32h7xx_it.o
                0x080108e0                NMI_Handler
 .text.HardFault_Handler
                0x080108e8        0x8 ./Core/Src/stm32h7xx_it.o
                0x080108e8                HardFault_Handler
 .text.MemManage_Handler
                0x080108f0        0x8 ./Core/Src/stm32h7xx_it.o
                0x080108f0                MemManage_Handler
 .text.BusFault_Handler
                0x080108f8        0x8 ./Core/Src/stm32h7xx_it.o
                0x080108f8                BusFault_Handler
 .text.UsageFault_Handler
                0x08010900        0x8 ./Core/Src/stm32h7xx_it.o
                0x08010900                UsageFault_Handler
 .text.SVC_Handler
                0x08010908        0xe ./Core/Src/stm32h7xx_it.o
                0x08010908                SVC_Handler
 .text.DebugMon_Handler
                0x08010916        0xe ./Core/Src/stm32h7xx_it.o
                0x08010916                DebugMon_Handler
 .text.PendSV_Handler
                0x08010924        0xe ./Core/Src/stm32h7xx_it.o
                0x08010924                PendSV_Handler
 .text.SysTick_Handler
                0x08010932        0xc ./Core/Src/stm32h7xx_it.o
                0x08010932                SysTick_Handler
 .text._close   0x0801093e       0x18 ./Core/Src/syscalls.o
                0x0801093e                _close
 .text._fstat   0x08010956       0x20 ./Core/Src/syscalls.o
                0x08010956                _fstat
 .text._isatty  0x08010976       0x16 ./Core/Src/syscalls.o
                0x08010976                _isatty
 .text._lseek   0x0801098c       0x1a ./Core/Src/syscalls.o
                0x0801098c                _lseek
 .text._read    0x080109a6       0x22 ./Core/Src/syscalls.o
                0x080109a6                _read
 .text._write   0x080109c8       0x1a ./Core/Src/syscalls.o
                0x080109c8                _write
 *fill*         0x080109e2        0x2 
 .text._sbrk    0x080109e4       0x6c ./Core/Src/sysmem.o
                0x080109e4                _sbrk
 .text.MX_USART3_UART_Init
                0x08010a50       0x98 ./Core/Src/usart.o
                0x08010a50                MX_USART3_UART_Init
 .text.HAL_UART_MspInit
                0x08010ae8       0xd4 ./Core/Src/usart.o
                0x08010ae8                HAL_UART_MspInit
 .text.Reset_Handler
                0x08010bbc       0x54 ./Core/Startup/startup_stm32h755zitx.o
                0x08010bbc                Reset_Handler
 .text.Default_Handler
                0x08010c10        0x2 ./Core/Startup/startup_stm32h755zitx.o
                0x08010c10                RTC_Alarm_IRQHandler
                0x08010c10                HASH_RNG_IRQHandler
                0x08010c10                EXTI2_IRQHandler
                0x08010c10                TIM8_CC_IRQHandler
                0x08010c10                HRTIM1_Master_IRQHandler
                0x08010c10                UART8_IRQHandler
                0x08010c10                SPI4_IRQHandler
                0x08010c10                TIM1_CC_IRQHandler
                0x08010c10                BDMA_Channel6_IRQHandler
                0x08010c10                DMA2_Stream5_IRQHandler
                0x08010c10                HRTIM1_FLT_IRQHandler
                0x08010c10                JPEG_IRQHandler
                0x08010c10                DMA1_Stream5_IRQHandler
                0x08010c10                BDMA_Channel1_IRQHandler
                0x08010c10                HRTIM1_TIMD_IRQHandler
                0x08010c10                TAMP_STAMP_IRQHandler
                0x08010c10                EXTI3_IRQHandler
                0x08010c10                LPTIM4_IRQHandler
                0x08010c10                TIM8_TRG_COM_TIM14_IRQHandler
                0x08010c10                LPTIM2_IRQHandler
                0x08010c10                DFSDM1_FLT1_IRQHandler
                0x08010c10                DMAMUX2_OVR_IRQHandler
                0x08010c10                TIM8_UP_TIM13_IRQHandler
                0x08010c10                I2C3_ER_IRQHandler
                0x08010c10                DFSDM1_FLT2_IRQHandler
                0x08010c10                MDMA_IRQHandler
                0x08010c10                LPTIM3_IRQHandler
                0x08010c10                HSEM1_IRQHandler
                0x08010c10                EXTI0_IRQHandler
                0x08010c10                I2C2_EV_IRQHandler
                0x08010c10                DMA1_Stream2_IRQHandler
                0x08010c10                FPU_IRQHandler
                0x08010c10                OTG_HS_WKUP_IRQHandler
                0x08010c10                FDCAN1_IT1_IRQHandler
                0x08010c10                LTDC_ER_IRQHandler
                0x08010c10                DMA2_Stream2_IRQHandler
                0x08010c10                HRTIM1_TIME_IRQHandler
                0x08010c10                SPI1_IRQHandler
                0x08010c10                TIM6_DAC_IRQHandler
                0x08010c10                DCMI_IRQHandler
                0x08010c10                HRTIM1_TIMC_IRQHandler
                0x08010c10                DMA2_Stream3_IRQHandler
                0x08010c10                SAI2_IRQHandler
                0x08010c10                DFSDM1_FLT3_IRQHandler
                0x08010c10                USART6_IRQHandler
                0x08010c10                TIM17_IRQHandler
                0x08010c10                USART3_IRQHandler
                0x08010c10                BDMA_Channel7_IRQHandler
                0x08010c10                CRYP_IRQHandler
                0x08010c10                LPTIM5_IRQHandler
                0x08010c10                UART5_IRQHandler
                0x08010c10                ADC3_IRQHandler
                0x08010c10                DMA2_Stream0_IRQHandler
                0x08010c10                TIM4_IRQHandler
                0x08010c10                BDMA_Channel2_IRQHandler
                0x08010c10                QUADSPI_IRQHandler
                0x08010c10                I2C1_EV_IRQHandler
                0x08010c10                DMA1_Stream6_IRQHandler
                0x08010c10                DMAMUX1_OVR_IRQHandler
                0x08010c10                DMA1_Stream1_IRQHandler
                0x08010c10                TIM16_IRQHandler
                0x08010c10                UART4_IRQHandler
                0x08010c10                BDMA_Channel5_IRQHandler
                0x08010c10                TIM3_IRQHandler
                0x08010c10                RCC_IRQHandler
                0x08010c10                TIM8_BRK_TIM12_IRQHandler
                0x08010c10                TIM1_TRG_COM_IRQHandler
                0x08010c10                Default_Handler
                0x08010c10                ECC_IRQHandler
                0x08010c10                CEC_IRQHandler
                0x08010c10                EXTI15_10_IRQHandler
                0x08010c10                BDMA_Channel0_IRQHandler
                0x08010c10                ADC_IRQHandler
                0x08010c10                DMA1_Stream7_IRQHandler
                0x08010c10                HRTIM1_TIMA_IRQHandler
                0x08010c10                SPI5_IRQHandler
                0x08010c10                TIM7_IRQHandler
                0x08010c10                SDMMC1_IRQHandler
                0x08010c10                TIM5_IRQHandler
                0x08010c10                DMA2_Stream7_IRQHandler
                0x08010c10                TIM15_IRQHandler
                0x08010c10                PVD_AVD_IRQHandler
                0x08010c10                I2C3_EV_IRQHandler
                0x08010c10                EXTI9_5_IRQHandler
                0x08010c10                RTC_WKUP_IRQHandler
                0x08010c10                LTDC_IRQHandler
                0x08010c10                SAI3_IRQHandler
                0x08010c10                ETH_WKUP_IRQHandler
                0x08010c10                SPDIF_RX_IRQHandler
                0x08010c10                SPI2_IRQHandler
                0x08010c10                OTG_HS_EP1_IN_IRQHandler
                0x08010c10                DMA1_Stream0_IRQHandler
                0x08010c10                CRS_IRQHandler
                0x08010c10                CM7_SEV_IRQHandler
                0x08010c10                EXTI4_IRQHandler
                0x08010c10                CM4_SEV_IRQHandler
                0x08010c10                HRTIM1_TIMB_IRQHandler
                0x08010c10                FDCAN2_IT1_IRQHandler
                0x08010c10                ETH_IRQHandler
                0x08010c10                TIM1_UP_IRQHandler
                0x08010c10                WWDG_RST_IRQHandler
                0x08010c10                BDMA_Channel4_IRQHandler
                0x08010c10                OTG_HS_EP1_OUT_IRQHandler
                0x08010c10                WWDG_IRQHandler
                0x08010c10                SPI6_IRQHandler
                0x08010c10                MDIOS_IRQHandler
                0x08010c10                I2C4_EV_IRQHandler
                0x08010c10                FDCAN2_IT0_IRQHandler
                0x08010c10                LPUART1_IRQHandler
                0x08010c10                FDCAN1_IT0_IRQHandler
                0x08010c10                TIM2_IRQHandler
                0x08010c10                OTG_FS_WKUP_IRQHandler
                0x08010c10                OTG_HS_IRQHandler
                0x08010c10                HSEM2_IRQHandler
                0x08010c10                DMA2D_IRQHandler
                0x08010c10                TIM1_BRK_IRQHandler
                0x08010c10                EXTI1_IRQHandler
                0x08010c10                SDMMC2_IRQHandler
                0x08010c10                OTG_FS_EP1_OUT_IRQHandler
                0x08010c10                BDMA_Channel3_IRQHandler
                0x08010c10                HOLD_CORE_IRQHandler
                0x08010c10                UART7_IRQHandler
                0x08010c10                MDIOS_WKUP_IRQHandler
                0x08010c10                USART2_IRQHandler
                0x08010c10                DFSDM1_FLT0_IRQHandler
                0x08010c10                SAI4_IRQHandler
                0x08010c10                I2C2_ER_IRQHandler
                0x08010c10                DMA2_Stream1_IRQHandler
                0x08010c10                FLASH_IRQHandler
                0x08010c10                DMA2_Stream4_IRQHandler
                0x08010c10                USART1_IRQHandler
                0x08010c10                OTG_FS_IRQHandler
                0x08010c10                SPI3_IRQHandler
                0x08010c10                WAKEUP_PIN_IRQHandler
                0x08010c10                DMA1_Stream4_IRQHandler
                0x08010c10                OTG_FS_EP1_IN_IRQHandler
                0x08010c10                I2C1_ER_IRQHandler
                0x08010c10                FMC_IRQHandler
                0x08010c10                FDCAN_CAL_IRQHandler
                0x08010c10                SWPMI1_IRQHandler
                0x08010c10                COMP1_IRQHandler
                0x08010c10                LPTIM1_IRQHandler
                0x08010c10                I2C4_ER_IRQHandler
                0x08010c10                DMA2_Stream6_IRQHandler
                0x08010c10                SAI1_IRQHandler
                0x08010c10                DMA1_Stream3_IRQHandler
 *fill*         0x08010c12        0x2 
 .text.HAL_Init
                0x08010c14       0x78 ./Drivers/STM32H7xx_HAL_Driver/stm32h7xx_hal.o
                0x08010c14                HAL_Init
 .text.HAL_InitTick
                0x08010c8c       0x6c ./Drivers/STM32H7xx_HAL_Driver/stm32h7xx_hal.o
                0x08010c8c                HAL_InitTick
 .text.HAL_IncTick
                0x08010cf8       0x28 ./Drivers/STM32H7xx_HAL_Driver/stm32h7xx_hal.o
                0x08010cf8                HAL_IncTick
 .text.HAL_GetTick
                0x08010d20       0x18 ./Drivers/STM32H7xx_HAL_Driver/stm32h7xx_hal.o
                0x08010d20                HAL_GetTick
 .text.HAL_GetREVID
                0x08010d38       0x18 ./Drivers/STM32H7xx_HAL_Driver/stm32h7xx_hal.o
                0x08010d38                HAL_GetREVID
 .text.__NVIC_SetPriorityGrouping
                0x08010d50       0x48 ./Drivers/STM32H7xx_HAL_Driver/stm32h7xx_hal_cortex.o
 .text.__NVIC_GetPriorityGrouping
                0x08010d98       0x1c ./Drivers/STM32H7xx_HAL_Driver/stm32h7xx_hal_cortex.o
 .text.__NVIC_SetPriority
                0x08010db4       0x54 ./Drivers/STM32H7xx_HAL_Driver/stm32h7xx_hal_cortex.o
 .text.NVIC_EncodePriority
                0x08010e08       0x66 ./Drivers/STM32H7xx_HAL_Driver/stm32h7xx_hal_cortex.o
 *fill*         0x08010e6e        0x2 
 .text.SysTick_Config
                0x08010e70       0x44 ./Drivers/STM32H7xx_HAL_Driver/stm32h7xx_hal_cortex.o
 .text.HAL_NVIC_SetPriorityGrouping
                0x08010eb4       0x16 ./Drivers/STM32H7xx_HAL_Driver/stm32h7xx_hal_cortex.o
                0x08010eb4                HAL_NVIC_SetPriorityGrouping
 .text.HAL_NVIC_SetPriority
                0x08010eca       0x34 ./Drivers/STM32H7xx_HAL_Driver/stm32h7xx_hal_cortex.o
                0x08010eca                HAL_NVIC_SetPriority
 .text.HAL_SYSTICK_Config
                0x08010efe       0x18 ./Drivers/STM32H7xx_HAL_Driver/stm32h7xx_hal_cortex.o
                0x08010efe                HAL_SYSTICK_Config
 *fill*         0x08010f16        0x2 
 .text.HAL_MPU_Disable
                0x08010f18       0x30 ./Drivers/STM32H7xx_HAL_Driver/stm32h7xx_hal_cortex.o
                0x08010f18                HAL_MPU_Disable
 .text.HAL_MPU_Enable
                0x08010f48       0x40 ./Drivers/STM32H7xx_HAL_Driver/stm32h7xx_hal_cortex.o
                0x08010f48                HAL_MPU_Enable
 .text.HAL_MPU_ConfigRegion
                0x08010f88       0x80 ./Drivers/STM32H7xx_HAL_Driver/stm32h7xx_hal_cortex.o
                0x08010f88                HAL_MPU_ConfigRegion
 .text.HAL_GPIO_Init
                0x08011008      0x360 ./Drivers/STM32H7xx_HAL_Driver/stm32h7xx_hal_gpio.o
                0x08011008                HAL_GPIO_Init
 .text.HAL_HSEM_FastTake
                0x08011368       0x34 ./Drivers/STM32H7xx_HAL_Driver/stm32h7xx_hal_hsem.o
                0x08011368                HAL_HSEM_FastTake
 .text.HAL_HSEM_Release
                0x0801139c       0x28 ./Drivers/STM32H7xx_HAL_Driver/stm32h7xx_hal_hsem.o
                0x0801139c                HAL_HSEM_Release
 .text.HAL_PWREx_ConfigSupply
                0x080113c4       0xb4 ./Drivers/STM32H7xx_HAL_Driver/stm32h7xx_hal_pwr_ex.o
                0x080113c4                HAL_PWREx_ConfigSupply
 .text.HAL_RCC_OscConfig
                0x08011478      0x8b4 ./Drivers/STM32H7xx_HAL_Driver/stm32h7xx_hal_rcc.o
                0x08011478                HAL_RCC_OscConfig
 .text.HAL_RCC_ClockConfig
                0x08011d2c      0x36c ./Drivers/STM32H7xx_HAL_Driver/stm32h7xx_hal_rcc.o
                0x08011d2c                HAL_RCC_ClockConfig
 .text.HAL_RCC_GetSysClockFreq
                0x08012098      0x2f4 ./Drivers/STM32H7xx_HAL_Driver/stm32h7xx_hal_rcc.o
                0x08012098                HAL_RCC_GetSysClockFreq
 .text.HAL_RCC_GetHCLKFreq
                0x0801238c       0x60 ./Drivers/STM32H7xx_HAL_Driver/stm32h7xx_hal_rcc.o
                0x0801238c                HAL_RCC_GetHCLKFreq
 .text.HAL_RCC_GetPCLK1Freq
                0x080123ec       0x2c ./Drivers/STM32H7xx_HAL_Driver/stm32h7xx_hal_rcc.o
                0x080123ec                HAL_RCC_GetPCLK1Freq
 .text.HAL_RCC_GetPCLK2Freq
                0x08012418       0x2c ./Drivers/STM32H7xx_HAL_Driver/stm32h7xx_hal_rcc.o
                0x08012418                HAL_RCC_GetPCLK2Freq
 .text.HAL_RCCEx_PeriphCLKConfig
                0x08012444     0x1414 ./Drivers/STM32H7xx_HAL_Driver/stm32h7xx_hal_rcc_ex.o
                0x08012444                HAL_RCCEx_PeriphCLKConfig
 .text.HAL_RCCEx_GetD3PCLK1Freq
                0x08013858       0x2c ./Drivers/STM32H7xx_HAL_Driver/stm32h7xx_hal_rcc_ex.o
                0x08013858                HAL_RCCEx_GetD3PCLK1Freq
 .text.HAL_RCCEx_GetPLL2ClockFreq
                0x08013884      0x2a8 ./Drivers/STM32H7xx_HAL_Driver/stm32h7xx_hal_rcc_ex.o
                0x08013884                HAL_RCCEx_GetPLL2ClockFreq
 .text.HAL_RCCEx_GetPLL3ClockFreq
                0x08013b2c      0x2a8 ./Drivers/STM32H7xx_HAL_Driver/stm32h7xx_hal_rcc_ex.o
                0x08013b2c                HAL_RCCEx_GetPLL3ClockFreq
 .text.RCCEx_PLL2_Config
                0x08013dd4      0x164 ./Drivers/STM32H7xx_HAL_Driver/stm32h7xx_hal_rcc_ex.o
 .text.RCCEx_PLL3_Config
                0x08013f38      0x164 ./Drivers/STM32H7xx_HAL_Driver/stm32h7xx_hal_rcc_ex.o
 .text.HAL_UART_Init
                0x0801409c       0xa0 ./Drivers/STM32H7xx_HAL_Driver/stm32h7xx_hal_uart.o
                0x0801409c                HAL_UART_Init
 .text.HAL_UART_Transmit
                0x0801413c      0x11c ./Drivers/STM32H7xx_HAL_Driver/stm32h7xx_hal_uart.o
                0x0801413c                HAL_UART_Transmit
 .text.UART_SetConfig
                0x08014258      0xad0 ./Drivers/STM32H7xx_HAL_Driver/stm32h7xx_hal_uart.o
                0x08014258                UART_SetConfig
 .text.UART_AdvFeatureConfig
                0x08014d28      0x144 ./Drivers/STM32H7xx_HAL_Driver/stm32h7xx_hal_uart.o
                0x08014d28                UART_AdvFeatureConfig
 .text.UART_CheckIdleState
                0x08014e6c      0x154 ./Drivers/STM32H7xx_HAL_Driver/stm32h7xx_hal_uart.o
                0x08014e6c                UART_CheckIdleState
 .text.UART_WaitOnFlagUntilTimeout
                0x08014fc0       0xda ./Drivers/STM32H7xx_HAL_Driver/stm32h7xx_hal_uart.o
                0x08014fc0                UART_WaitOnFlagUntilTimeout
 *fill*         0x0801509a        0x2 
 .text.UART_EndRxTransfer
                0x0801509c       0xcc ./Drivers/STM32H7xx_HAL_Driver/stm32h7xx_hal_uart.o
 .text.HAL_UARTEx_DisableFifoMode
                0x08015168       0x72 ./Drivers/STM32H7xx_HAL_Driver/stm32h7xx_hal_uart_ex.o
                0x08015168                HAL_UARTEx_DisableFifoMode
 .text.HAL_UARTEx_SetTxFifoThreshold
                0x080151da       0x7c ./Drivers/STM32H7xx_HAL_Driver/stm32h7xx_hal_uart_ex.o
                0x080151da                HAL_UARTEx_SetTxFifoThreshold
 .text.HAL_UARTEx_SetRxFifoThreshold
                0x08015256       0x7c ./Drivers/STM32H7xx_HAL_Driver/stm32h7xx_hal_uart_ex.o
                0x08015256                HAL_UARTEx_SetRxFifoThreshold
 *fill*         0x080152d2        0x2 
 .text.UARTEx_SetNbDataToProcess
                0x080152d4       0x9c ./Drivers/STM32H7xx_HAL_Driver/stm32h7xx_hal_uart_ex.o
 .text.ai_log_err
                0x08015370       0x44 ./X-CUBE-AI/App/app_x-cube-ai.o
 .text.ai_boostrap
                0x080153b4       0xc8 ./X-CUBE-AI/App/app_x-cube-ai.o
 .text.MX_X_CUBE_AI_Init
                0x0801547c       0x1c ./X-CUBE-AI/App/app_x-cube-ai.o
                0x0801547c                MX_X_CUBE_AI_Init
 .text.MX_X_CUBE_AI_Process
                0x08015498      0x200 ./X-CUBE-AI/App/app_x-cube-ai.o
                0x08015498                MX_X_CUBE_AI_Process
 .text.network_configure_activations
                0x08015698      0x194 ./X-CUBE-AI/App/network.o
 .text.network_configure_weights
                0x0801582c      0x184 ./X-CUBE-AI/App/network.o
 .text.ai_network_get_error
                0x080159b0       0x18 ./X-CUBE-AI/App/network.o
                0x080159b0                ai_network_get_error
 .text.ai_network_create
                0x080159c8       0x2c ./X-CUBE-AI/App/network.o
                0x080159c8                ai_network_create
 .text.ai_network_create_and_init
                0x080159f4       0xfc ./X-CUBE-AI/App/network.o
                0x080159f4                ai_network_create_and_init
 .text.ai_network_inputs_get
                0x08015af0       0x34 ./X-CUBE-AI/App/network.o
                0x08015af0                ai_network_inputs_get
 .text.ai_network_outputs_get
                0x08015b24       0x34 ./X-CUBE-AI/App/network.o
                0x08015b24                ai_network_outputs_get
 .text.ai_network_init
                0x08015b58       0x78 ./X-CUBE-AI/App/network.o
                0x08015b58                ai_network_init
 .text.ai_network_run
                0x08015bd0       0x20 ./X-CUBE-AI/App/network.o
                0x08015bd0                ai_network_run
 .text.ai_network_data_params_get
                0x08015bf0       0x50 ./X-CUBE-AI/App/network_data.o
                0x08015bf0                ai_network_data_params_get
 .text.ai_buffer_get_size
                0x08015c40       0x68 ../../Middlewares/ST/AI/Lib\NetworkRuntime1000_CM7_GCC.a(ai_platform.o)
                0x08015c40                ai_buffer_get_size
 .text.ai_buffer_array_sane
                0x08015ca8       0x14 ../../Middlewares/ST/AI/Lib\NetworkRuntime1000_CM7_GCC.a(ai_platform.o)
                0x08015ca8                ai_buffer_array_sane
 .text.ai_buffer_array_item_set_address
                0x08015cbc       0x20 ../../Middlewares/ST/AI/Lib\NetworkRuntime1000_CM7_GCC.a(ai_platform.o)
                0x08015cbc                ai_buffer_array_item_set_address
 .text.ai_platform_get_weights_map
                0x08015cdc       0xb0 ../../Middlewares/ST/AI/Lib\NetworkRuntime1000_CM7_GCC.a(ai_platform_interface.o)
                0x08015cdc                ai_platform_get_weights_map
 .text.ai_platform_get_activations_map
                0x08015d8c       0xb0 ../../Middlewares/ST/AI/Lib\NetworkRuntime1000_CM7_GCC.a(ai_platform_interface.o)
                0x08015d8c                ai_platform_get_activations_map
 .text.ai_platform_bind_network_params
                0x08015e3c       0x34 ../../Middlewares/ST/AI/Lib\NetworkRuntime1000_CM7_GCC.a(ai_platform_interface.o)
                0x08015e3c                ai_platform_bind_network_params
 .text.ai_platform_network_get_error
                0x08015e70       0x18 ../../Middlewares/ST/AI/Lib\NetworkRuntime1000_CM7_GCC.a(ai_platform_interface.o)
                0x08015e70                ai_platform_network_get_error
 .text.ai_platform_network_set_error
                0x08015e88        0xc ../../Middlewares/ST/AI/Lib\NetworkRuntime1000_CM7_GCC.a(ai_platform_interface.o)
                0x08015e88                ai_platform_network_set_error
 .text.ai_platform_inputs_get
                0x08015e94       0xf0 ../../Middlewares/ST/AI/Lib\NetworkRuntime1000_CM7_GCC.a(ai_platform_interface.o)
                0x08015e94                ai_platform_inputs_get
 .text.ai_platform_outputs_get
                0x08015f84       0xec ../../Middlewares/ST/AI/Lib\NetworkRuntime1000_CM7_GCC.a(ai_platform_interface.o)
                0x08015f84                ai_platform_outputs_get
 .text.ai_platform_network_create
                0x08016070       0x84 ../../Middlewares/ST/AI/Lib\NetworkRuntime1000_CM7_GCC.a(ai_platform_interface.o)
                0x08016070                ai_platform_network_create
 .text.ai_platform_network_init
                0x080160f4      0x180 ../../Middlewares/ST/AI/Lib\NetworkRuntime1000_CM7_GCC.a(ai_platform_interface.o)
                0x080160f4                ai_platform_network_init
 .text.ai_platform_network_post_init
                0x08016274       0x60 ../../Middlewares/ST/AI/Lib\NetworkRuntime1000_CM7_GCC.a(ai_platform_interface.o)
                0x08016274                ai_platform_network_post_init
 .text.ai_platform_network_process
                0x080162d4      0x48c ../../Middlewares/ST/AI/Lib\NetworkRuntime1000_CM7_GCC.a(ai_platform_interface.o)
                0x080162d4                ai_platform_network_process
 .text.core_init
                0x08016760        0x4 ../../Middlewares/ST/AI/Lib\NetworkRuntime1000_CM7_GCC.a(core_common.o)
                0x08016760                core_init
 .text.core_get_error
                0x08016764        0xc ../../Middlewares/ST/AI/Lib\NetworkRuntime1000_CM7_GCC.a(core_common.o)
                0x08016764                core_get_error
 .text.core_set_error
                0x08016770       0x18 ../../Middlewares/ST/AI/Lib\NetworkRuntime1000_CM7_GCC.a(core_common.o)
                0x08016770                core_set_error
 .text.ai_check_custom_types
                0x08016788       0x50 ../../Middlewares/ST/AI/Lib\NetworkRuntime1000_CM7_GCC.a(layers.o)
                0x08016788                ai_check_custom_types
 .text.ai_layers_init_all
                0x080167d8       0x1c ../../Middlewares/ST/AI/Lib\NetworkRuntime1000_CM7_GCC.a(layers.o)
                0x080167d8                ai_layers_init_all
 .text.ai_layers_post_init_all
                0x080167f4       0x28 ../../Middlewares/ST/AI/Lib\NetworkRuntime1000_CM7_GCC.a(layers.o)
                0x080167f4                ai_layers_post_init_all
 .text.ai_layers_forward_all
                0x0801681c       0x90 ../../Middlewares/ST/AI/Lib\NetworkRuntime1000_CM7_GCC.a(layers.o)
                0x0801681c                ai_layers_forward_all
 .text.func_dummy
                0x080168ac        0x4 ../../Middlewares/ST/AI/Lib\NetworkRuntime1000_CM7_GCC.a(layers_conv2d_sssa8_ch.o)
 .text.forward_conv2d_deep_3x3_sssa8_ch_nl_pool
                0x080168b0      0x4ac ../../Middlewares/ST/AI/Lib\NetworkRuntime1000_CM7_GCC.a(layers_conv2d_sssa8_ch.o)
                0x080168b0                forward_conv2d_deep_3x3_sssa8_ch_nl_pool
 .text.forward_conv2d_sssa8_ch_nl_pool
                0x08016d5c      0x528 ../../Middlewares/ST/AI/Lib\NetworkRuntime1000_CM7_GCC.a(layers_conv2d_sssa8_ch.o)
                0x08016d5c                forward_conv2d_sssa8_ch_nl_pool
 .text.forward_dense_integer_SSSA_ch
                0x08017284      0x2a8 ../../Middlewares/ST/AI/Lib\NetworkRuntime1000_CM7_GCC.a(layers_conv2d_stm32_integer.o)
                0x08017284                forward_dense_integer_SSSA_ch
 .text.forward_sm_integer
                0x0801752c       0xc0 ../../Middlewares/ST/AI/Lib\NetworkRuntime1000_CM7_GCC.a(layers_nl_stm32_integer.o)
                0x0801752c                forward_sm_integer
 .text.pool_func_mp_array_integer_INT8
                0x080175ec      0x1d4 ../../Middlewares/ST/AI/Lib\NetworkRuntime1000_CM7_GCC.a(layers_pool_stm32_integer.o)
                0x080175ec                pool_func_mp_array_integer_INT8
 .text.forward_lite_maxpool_is8os8_scalepos
                0x080177c0      0x1c4 ../../Middlewares/ST/AI/Lib\NetworkRuntime1000_CM7_GCC.a(forward_lite_maxpool_is8os8_scalepos.o)
                0x080177c0                forward_lite_maxpool_is8os8_scalepos
 .text.forward_lite_conv2d_deep_3x3_sssa8_ch
                0x08017984      0x150 ../../Middlewares/ST/AI/Lib\NetworkRuntime1000_CM7_GCC.a(forward_lite_conv2d_sssa8_ch.o)
                0x08017984                forward_lite_conv2d_deep_3x3_sssa8_ch
 .text.forward_lite_conv2d_sssa8_ch
                0x08017ad4      0xab0 ../../Middlewares/ST/AI/Lib\NetworkRuntime1000_CM7_GCC.a(forward_lite_conv2d_sssa8_ch.o)
                0x08017ad4                forward_lite_conv2d_sssa8_ch
 .text.forward_lite_maxpool_is8os8_scaleneg
                0x08018584      0x1c0 ../../Middlewares/ST/AI/Lib\NetworkRuntime1000_CM7_GCC.a(forward_lite_maxpool_is8os8.o)
                0x08018584                forward_lite_maxpool_is8os8_scaleneg
 .text.forward_lite_nl_softmax_is8os8
                0x08018744       0x14 ../../Middlewares/ST/AI/Lib\NetworkRuntime1000_CM7_GCC.a(lite_nl_generic_integer.o)
                0x08018744                forward_lite_nl_softmax_is8os8
 .text.forward_lite_nl_softmax_iu8ou8
                0x08018758       0x14 ../../Middlewares/ST/AI/Lib\NetworkRuntime1000_CM7_GCC.a(lite_nl_generic_integer.o)
                0x08018758                forward_lite_nl_softmax_iu8ou8
 .text.align_factor_ch
                0x0801876c       0x60 ../../Middlewares/ST/AI/Lib\NetworkRuntime1000_CM7_GCC.a(st_align_factor.o)
                0x0801876c                align_factor_ch
 .text.st_int8_to16_no_shift
                0x080187cc       0xc4 ../../Middlewares/ST/AI/Lib\NetworkRuntime1000_CM7_GCC.a(st_int8_to16_no_shift.o)
                0x080187cc                st_int8_to16_no_shift
 .text.st_int8_to16_no_shift_interleaved
                0x08018890       0x88 ../../Middlewares/ST/AI/Lib\NetworkRuntime1000_CM7_GCC.a(st_int8_to16_no_shift.o)
                0x08018890                st_int8_to16_no_shift_interleaved
 .text.st_int8_to16_dual
                0x08018918      0x1d4 ../../Middlewares/ST/AI/Lib\NetworkRuntime1000_CM7_GCC.a(st_int8_to16_no_shift.o)
                0x08018918                st_int8_to16_dual
 .text.st_int8_to16_dual_interleaved
                0x08018aec      0x174 ../../Middlewares/ST/AI/Lib\NetworkRuntime1000_CM7_GCC.a(st_int8_to16_no_shift.o)
                0x08018aec                st_int8_to16_dual_interleaved
 .text.ai_padding_opt_init
                0x08018c60       0xb4 ../../Middlewares/ST/AI/Lib\NetworkRuntime1000_CM7_GCC.a(st_padding_opt.o)
                0x08018c60                ai_padding_opt_init
 .text.ai_padding_opt_phase1
                0x08018d14       0x34 ../../Middlewares/ST/AI/Lib\NetworkRuntime1000_CM7_GCC.a(st_padding_opt.o)
                0x08018d14                ai_padding_opt_phase1
 .text.st_int16_fill
                0x08018d48       0x5c ../../Middlewares/ST/AI/Lib\NetworkRuntime1000_CM7_GCC.a(st_int16_fill.o)
                0x08018d48                st_int16_fill
 .text.st_sssa8_ch_convolve_rank1upd
                0x08018da4      0x114 ../../Middlewares/ST/AI/Lib\NetworkRuntime1000_CM7_GCC.a(st_sssa8_ch_convolve.o)
                0x08018da4                st_sssa8_ch_convolve_rank1upd
 .text.st_sssa8_ch_fully_connected
                0x08018eb8      0x530 ../../Middlewares/ST/AI/Lib\NetworkRuntime1000_CM7_GCC.a(st_sssa8_ch_dense.o)
                0x08018eb8                st_sssa8_ch_fully_connected
 .text.st_int8_copy
                0x080193e8      0x144 ../../Middlewares/ST/AI/Lib\NetworkRuntime1000_CM7_GCC.a(st_int8_fill.o)
                0x080193e8                st_int8_copy
 .text.st_int8_reordered_no_shift_zero
                0x0801952c       0x6c ../../Middlewares/ST/AI/Lib\NetworkRuntime1000_CM7_GCC.a(st_int8_reordered_no_shift.o)
                0x0801952c                st_int8_reordered_no_shift_zero
 .text.st_sssa8_ch_nn_mat_mult_kernel_single_opt
                0x08019598      0x394 ../../Middlewares/ST/AI/Lib\NetworkRuntime1000_CM7_GCC.a(st_sssa8_ch_nn_mat_mult_kernel_single_opt.o)
                0x08019598                st_sssa8_ch_nn_mat_mult_kernel_single_opt
 *fill*         0x0801992c     0x66d4 
 .text.st_sssa8_ch_nn_mat_mult_deep_conv2d_3x3
                0x08020000      0xb74 ../../Middlewares/ST/AI/Lib\NetworkRuntime1000_CM7_GCC.a(st_sssa8_ch_nn_mat_mult_deep_conv2d_3x3.o)
                0x08020000                st_sssa8_ch_nn_mat_mult_deep_conv2d_3x3
 .text.st_sssa8_ch_nn_mat_mult_kernel_opt
                0x08020b74      0x33c ../../Middlewares/ST/AI/Lib\NetworkRuntime1000_CM7_GCC.a(st_sssa8_ch_nn_mat_mult_kernel_opt.o)
                0x08020b74                st_sssa8_ch_nn_mat_mult_kernel_opt
 .text.ai_array_to_buffer_fmt
                0x08020eb0       0xe0 ../../Middlewares/ST/AI/Lib\NetworkRuntime1000_CM7_GCC.a(ai_datatypes_format.o)
                0x08020eb0                ai_array_to_buffer_fmt
 .text.ai_array_get_byte_size
                0x08020f90       0x50 ../../Middlewares/ST/AI/Lib\NetworkRuntime1000_CM7_GCC.a(ai_datatypes_format.o)
                0x08020f90                ai_array_get_byte_size
 .text.ai_array_get_data_byte_size
                0x08020fe0       0x24 ../../Middlewares/ST/AI/Lib\NetworkRuntime1000_CM7_GCC.a(ai_datatypes_format.o)
                0x08020fe0                ai_array_get_data_byte_size
 .text.ai_version_get
                0x08021004        0xc ../../Middlewares/ST/AI/Lib\NetworkRuntime1000_CM7_GCC.a(ai_datatypes_internal.o)
                0x08021004                ai_version_get
 .text.get_tensor_byte_size
                0x08021010       0x2c ../../Middlewares/ST/AI/Lib\NetworkRuntime1000_CM7_GCC.a(ai_datatypes_internal.o)
                0x08021010                get_tensor_byte_size
 .text.core_tensor_clone
                0x0802103c       0x64 ../../Middlewares/ST/AI/Lib\NetworkRuntime1000_CM7_GCC.a(core_utils.o)
                0x0802103c                core_tensor_clone
 .text.core_array_clone
                0x080210a0        0xc ../../Middlewares/ST/AI/Lib\NetworkRuntime1000_CM7_GCC.a(core_utils.o)
                0x080210a0                core_array_clone
 .text._lite_kernel_nl_softmax_is8os8
                0x080210ac      0xb64 ../../Middlewares/ST/AI/Lib\NetworkRuntime1000_CM7_GCC.a(lite_nl_softmax_is8os8.o)
                0x080210ac                _lite_kernel_nl_softmax_is8os8
 .text._lite_kernel_nl_softmax_iu8ou8
                0x08021c10      0x878 ../../Middlewares/ST/AI/Lib\NetworkRuntime1000_CM7_GCC.a(lite_nl_softmax_iu8ou8.o)
                0x08021c10                _lite_kernel_nl_softmax_iu8ou8
 .text.sbrk_aligned
                0x08022488       0x44 C:/ST/STM32CubeIDE_1.18.0/STM32CubeIDE/plugins/com.st.stm32cube.ide.mcu.externaltools.gnu-tools-for-stm32.13.3.rel1.win32_1.0.0.202411081344/tools/bin/../lib/gcc/arm-none-eabi/13.3.1/../../../../arm-none-eabi/lib/thumb/v7e-m+dp/hard\libc_nano.a(libc_a-mallocr.o)
 .text._malloc_r
                0x080224cc      0x100 C:/ST/STM32CubeIDE_1.18.0/STM32CubeIDE/plugins/com.st.stm32cube.ide.mcu.externaltools.gnu-tools-for-stm32.13.3.rel1.win32_1.0.0.202411081344/tools/bin/../lib/gcc/arm-none-eabi/13.3.1/../../../../arm-none-eabi/lib/thumb/v7e-m+dp/hard\libc_nano.a(libc_a-mallocr.o)
                0x080224cc                _malloc_r
 .text.__malloc_lock
                0x080225cc        0xc C:/ST/STM32CubeIDE_1.18.0/STM32CubeIDE/plugins/com.st.stm32cube.ide.mcu.externaltools.gnu-tools-for-stm32.13.3.rel1.win32_1.0.0.202411081344/tools/bin/../lib/gcc/arm-none-eabi/13.3.1/../../../../arm-none-eabi/lib/thumb/v7e-m+dp/hard\libc_nano.a(libc_a-mlock.o)
                0x080225cc                __malloc_lock
 .text.__malloc_unlock
                0x080225d8        0xc C:/ST/STM32CubeIDE_1.18.0/STM32CubeIDE/plugins/com.st.stm32cube.ide.mcu.externaltools.gnu-tools-for-stm32.13.3.rel1.win32_1.0.0.202411081344/tools/bin/../lib/gcc/arm-none-eabi/13.3.1/../../../../arm-none-eabi/lib/thumb/v7e-m+dp/hard\libc_nano.a(libc_a-mlock.o)
                0x080225d8                __malloc_unlock
 .text._realloc_r
                0x080225e4       0x5c C:/ST/STM32CubeIDE_1.18.0/STM32CubeIDE/plugins/com.st.stm32cube.ide.mcu.externaltools.gnu-tools-for-stm32.13.3.rel1.win32_1.0.0.202411081344/tools/bin/../lib/gcc/arm-none-eabi/13.3.1/../../../../arm-none-eabi/lib/thumb/v7e-m+dp/hard\libc_nano.a(libc_a-reallocr.o)
                0x080225e4                _realloc_r
 .text.std      0x08022640       0x6c C:/ST/STM32CubeIDE_1.18.0/STM32CubeIDE/plugins/com.st.stm32cube.ide.mcu.externaltools.gnu-tools-for-stm32.13.3.rel1.win32_1.0.0.202411081344/tools/bin/../lib/gcc/arm-none-eabi/13.3.1/../../../../arm-none-eabi/lib/thumb/v7e-m+dp/hard\libc_nano.a(libc_a-findfp.o)
 .text.stdio_exit_handler
                0x080226ac       0x18 C:/ST/STM32CubeIDE_1.18.0/STM32CubeIDE/plugins/com.st.stm32cube.ide.mcu.externaltools.gnu-tools-for-stm32.13.3.rel1.win32_1.0.0.202411081344/tools/bin/../lib/gcc/arm-none-eabi/13.3.1/../../../../arm-none-eabi/lib/thumb/v7e-m+dp/hard\libc_nano.a(libc_a-findfp.o)
 .text.cleanup_stdio
                0x080226c4       0x40 C:/ST/STM32CubeIDE_1.18.0/STM32CubeIDE/plugins/com.st.stm32cube.ide.mcu.externaltools.gnu-tools-for-stm32.13.3.rel1.win32_1.0.0.202411081344/tools/bin/../lib/gcc/arm-none-eabi/13.3.1/../../../../arm-none-eabi/lib/thumb/v7e-m+dp/hard\libc_nano.a(libc_a-findfp.o)
 .text.global_stdio_init.part.0
                0x08022704       0x3c C:/ST/STM32CubeIDE_1.18.0/STM32CubeIDE/plugins/com.st.stm32cube.ide.mcu.externaltools.gnu-tools-for-stm32.13.3.rel1.win32_1.0.0.202411081344/tools/bin/../lib/gcc/arm-none-eabi/13.3.1/../../../../arm-none-eabi/lib/thumb/v7e-m+dp/hard\libc_nano.a(libc_a-findfp.o)
 .text.__sfp_lock_acquire
                0x08022740        0xc C:/ST/STM32CubeIDE_1.18.0/STM32CubeIDE/plugins/com.st.stm32cube.ide.mcu.externaltools.gnu-tools-for-stm32.13.3.rel1.win32_1.0.0.202411081344/tools/bin/../lib/gcc/arm-none-eabi/13.3.1/../../../../arm-none-eabi/lib/thumb/v7e-m+dp/hard\libc_nano.a(libc_a-findfp.o)
                0x08022740                __sfp_lock_acquire
 .text.__sfp_lock_release
                0x0802274c        0xc C:/ST/STM32CubeIDE_1.18.0/STM32CubeIDE/plugins/com.st.stm32cube.ide.mcu.externaltools.gnu-tools-for-stm32.13.3.rel1.win32_1.0.0.202411081344/tools/bin/../lib/gcc/arm-none-eabi/13.3.1/../../../../arm-none-eabi/lib/thumb/v7e-m+dp/hard\libc_nano.a(libc_a-findfp.o)
                0x0802274c                __sfp_lock_release
 .text.__sinit  0x08022758       0x30 C:/ST/STM32CubeIDE_1.18.0/STM32CubeIDE/plugins/com.st.stm32cube.ide.mcu.externaltools.gnu-tools-for-stm32.13.3.rel1.win32_1.0.0.202411081344/tools/bin/../lib/gcc/arm-none-eabi/13.3.1/../../../../arm-none-eabi/lib/thumb/v7e-m+dp/hard\libc_nano.a(libc_a-findfp.o)
                0x08022758                __sinit
 .text._fwalk_sglue
                0x08022788       0x3c C:/ST/STM32CubeIDE_1.18.0/STM32CubeIDE/plugins/com.st.stm32cube.ide.mcu.externaltools.gnu-tools-for-stm32.13.3.rel1.win32_1.0.0.202411081344/tools/bin/../lib/gcc/arm-none-eabi/13.3.1/../../../../arm-none-eabi/lib/thumb/v7e-m+dp/hard\libc_nano.a(libc_a-fwalk.o)
                0x08022788                _fwalk_sglue
 .text.printf   0x080227c4       0x24 C:/ST/STM32CubeIDE_1.18.0/STM32CubeIDE/plugins/com.st.stm32cube.ide.mcu.externaltools.gnu-tools-for-stm32.13.3.rel1.win32_1.0.0.202411081344/tools/bin/../lib/gcc/arm-none-eabi/13.3.1/../../../../arm-none-eabi/lib/thumb/v7e-m+dp/hard\libc_nano.a(libc_a-printf.o)
                0x080227c4                iprintf
                0x080227c4                printf
 .text._puts_r  0x080227e8       0xaa C:/ST/STM32CubeIDE_1.18.0/STM32CubeIDE/plugins/com.st.stm32cube.ide.mcu.externaltools.gnu-tools-for-stm32.13.3.rel1.win32_1.0.0.202411081344/tools/bin/../lib/gcc/arm-none-eabi/13.3.1/../../../../arm-none-eabi/lib/thumb/v7e-m+dp/hard\libc_nano.a(libc_a-puts.o)
                0x080227e8                _puts_r
 *fill*         0x08022892        0x2 
 .text.puts     0x08022894       0x10 C:/ST/STM32CubeIDE_1.18.0/STM32CubeIDE/plugins/com.st.stm32cube.ide.mcu.externaltools.gnu-tools-for-stm32.13.3.rel1.win32_1.0.0.202411081344/tools/bin/../lib/gcc/arm-none-eabi/13.3.1/../../../../arm-none-eabi/lib/thumb/v7e-m+dp/hard\libc_nano.a(libc_a-puts.o)
                0x08022894                puts
 .text.sprintf  0x080228a4       0x44 C:/ST/STM32CubeIDE_1.18.0/STM32CubeIDE/plugins/com.st.stm32cube.ide.mcu.externaltools.gnu-tools-for-stm32.13.3.rel1.win32_1.0.0.202411081344/tools/bin/../lib/gcc/arm-none-eabi/13.3.1/../../../../arm-none-eabi/lib/thumb/v7e-m+dp/hard\libc_nano.a(libc_a-sprintf.o)
                0x080228a4                siprintf
                0x080228a4                sprintf
 .text.__sread  0x080228e8       0x22 C:/ST/STM32CubeIDE_1.18.0/STM32CubeIDE/plugins/com.st.stm32cube.ide.mcu.externaltools.gnu-tools-for-stm32.13.3.rel1.win32_1.0.0.202411081344/tools/bin/../lib/gcc/arm-none-eabi/13.3.1/../../../../arm-none-eabi/lib/thumb/v7e-m+dp/hard\libc_nano.a(libc_a-stdio.o)
                0x080228e8                __sread
 .text.__swrite
                0x0802290a       0x38 C:/ST/STM32CubeIDE_1.18.0/STM32CubeIDE/plugins/com.st.stm32cube.ide.mcu.externaltools.gnu-tools-for-stm32.13.3.rel1.win32_1.0.0.202411081344/tools/bin/../lib/gcc/arm-none-eabi/13.3.1/../../../../arm-none-eabi/lib/thumb/v7e-m+dp/hard\libc_nano.a(libc_a-stdio.o)
                0x0802290a                __swrite
 .text.__sseek  0x08022942       0x24 C:/ST/STM32CubeIDE_1.18.0/STM32CubeIDE/plugins/com.st.stm32cube.ide.mcu.externaltools.gnu-tools-for-stm32.13.3.rel1.win32_1.0.0.202411081344/tools/bin/../lib/gcc/arm-none-eabi/13.3.1/../../../../arm-none-eabi/lib/thumb/v7e-m+dp/hard\libc_nano.a(libc_a-stdio.o)
                0x08022942                __sseek
 .text.__sclose
                0x08022966        0x8 C:/ST/STM32CubeIDE_1.18.0/STM32CubeIDE/plugins/com.st.stm32cube.ide.mcu.externaltools.gnu-tools-for-stm32.13.3.rel1.win32_1.0.0.202411081344/tools/bin/../lib/gcc/arm-none-eabi/13.3.1/../../../../arm-none-eabi/lib/thumb/v7e-m+dp/hard\libc_nano.a(libc_a-stdio.o)
                0x08022966                __sclose
 .text.__swbuf_r
                0x0802296e       0x7c C:/ST/STM32CubeIDE_1.18.0/STM32CubeIDE/plugins/com.st.stm32cube.ide.mcu.externaltools.gnu-tools-for-stm32.13.3.rel1.win32_1.0.0.202411081344/tools/bin/../lib/gcc/arm-none-eabi/13.3.1/../../../../arm-none-eabi/lib/thumb/v7e-m+dp/hard\libc_nano.a(libc_a-wbuf.o)
                0x0802296e                __swbuf_r
 *fill*         0x080229ea        0x2 
 .text.__swsetup_r
                0x080229ec       0xac C:/ST/STM32CubeIDE_1.18.0/STM32CubeIDE/plugins/com.st.stm32cube.ide.mcu.externaltools.gnu-tools-for-stm32.13.3.rel1.win32_1.0.0.202411081344/tools/bin/../lib/gcc/arm-none-eabi/13.3.1/../../../../arm-none-eabi/lib/thumb/v7e-m+dp/hard\libc_nano.a(libc_a-wsetup.o)
                0x080229ec                __swsetup_r
 .text.memset   0x08022a98       0x10 C:/ST/STM32CubeIDE_1.18.0/STM32CubeIDE/plugins/com.st.stm32cube.ide.mcu.externaltools.gnu-tools-for-stm32.13.3.rel1.win32_1.0.0.202411081344/tools/bin/../lib/gcc/arm-none-eabi/13.3.1/../../../../arm-none-eabi/lib/thumb/v7e-m+dp/hard\libc_nano.a(libc_a-memset.o)
                0x08022a98                memset
 .text._close_r
                0x08022aa8       0x20 C:/ST/STM32CubeIDE_1.18.0/STM32CubeIDE/plugins/com.st.stm32cube.ide.mcu.externaltools.gnu-tools-for-stm32.13.3.rel1.win32_1.0.0.202411081344/tools/bin/../lib/gcc/arm-none-eabi/13.3.1/../../../../arm-none-eabi/lib/thumb/v7e-m+dp/hard\libc_nano.a(libc_a-closer.o)
                0x08022aa8                _close_r
 .text._lseek_r
                0x08022ac8       0x24 C:/ST/STM32CubeIDE_1.18.0/STM32CubeIDE/plugins/com.st.stm32cube.ide.mcu.externaltools.gnu-tools-for-stm32.13.3.rel1.win32_1.0.0.202411081344/tools/bin/../lib/gcc/arm-none-eabi/13.3.1/../../../../arm-none-eabi/lib/thumb/v7e-m+dp/hard\libc_nano.a(libc_a-lseekr.o)
                0x08022ac8                _lseek_r
 .text._read_r  0x08022aec       0x24 C:/ST/STM32CubeIDE_1.18.0/STM32CubeIDE/plugins/com.st.stm32cube.ide.mcu.externaltools.gnu-tools-for-stm32.13.3.rel1.win32_1.0.0.202411081344/tools/bin/../lib/gcc/arm-none-eabi/13.3.1/../../../../arm-none-eabi/lib/thumb/v7e-m+dp/hard\libc_nano.a(libc_a-readr.o)
                0x08022aec                _read_r
 .text._sbrk_r  0x08022b10       0x20 C:/ST/STM32CubeIDE_1.18.0/STM32CubeIDE/plugins/com.st.stm32cube.ide.mcu.externaltools.gnu-tools-for-stm32.13.3.rel1.win32_1.0.0.202411081344/tools/bin/../lib/gcc/arm-none-eabi/13.3.1/../../../../arm-none-eabi/lib/thumb/v7e-m+dp/hard\libc_nano.a(libc_a-sbrkr.o)
                0x08022b10                _sbrk_r
 .text._write_r
                0x08022b30       0x24 C:/ST/STM32CubeIDE_1.18.0/STM32CubeIDE/plugins/com.st.stm32cube.ide.mcu.externaltools.gnu-tools-for-stm32.13.3.rel1.win32_1.0.0.202411081344/tools/bin/../lib/gcc/arm-none-eabi/13.3.1/../../../../arm-none-eabi/lib/thumb/v7e-m+dp/hard\libc_nano.a(libc_a-writer.o)
                0x08022b30                _write_r
 .text.__errno  0x08022b54        0xc C:/ST/STM32CubeIDE_1.18.0/STM32CubeIDE/plugins/com.st.stm32cube.ide.mcu.externaltools.gnu-tools-for-stm32.13.3.rel1.win32_1.0.0.202411081344/tools/bin/../lib/gcc/arm-none-eabi/13.3.1/../../../../arm-none-eabi/lib/thumb/v7e-m+dp/hard\libc_nano.a(libc_a-errno.o)
                0x08022b54                __errno
 .text.__libc_init_array
                0x08022b60       0x48 C:/ST/STM32CubeIDE_1.18.0/STM32CubeIDE/plugins/com.st.stm32cube.ide.mcu.externaltools.gnu-tools-for-stm32.13.3.rel1.win32_1.0.0.202411081344/tools/bin/../lib/gcc/arm-none-eabi/13.3.1/../../../../arm-none-eabi/lib/thumb/v7e-m+dp/hard\libc_nano.a(libc_a-init.o)
                0x08022b60                __libc_init_array
 .text.__retarget_lock_init_recursive
                0x08022ba8        0x2 C:/ST/STM32CubeIDE_1.18.0/STM32CubeIDE/plugins/com.st.stm32cube.ide.mcu.externaltools.gnu-tools-for-stm32.13.3.rel1.win32_1.0.0.202411081344/tools/bin/../lib/gcc/arm-none-eabi/13.3.1/../../../../arm-none-eabi/lib/thumb/v7e-m+dp/hard\libc_nano.a(libc_a-lock.o)
                0x08022ba8                __retarget_lock_init_recursive
 .text.__retarget_lock_acquire_recursive
                0x08022baa        0x2 C:/ST/STM32CubeIDE_1.18.0/STM32CubeIDE/plugins/com.st.stm32cube.ide.mcu.externaltools.gnu-tools-for-stm32.13.3.rel1.win32_1.0.0.202411081344/tools/bin/../lib/gcc/arm-none-eabi/13.3.1/../../../../arm-none-eabi/lib/thumb/v7e-m+dp/hard\libc_nano.a(libc_a-lock.o)
                0x08022baa                __retarget_lock_acquire_recursive
 .text.__retarget_lock_release_recursive
                0x08022bac        0x2 C:/ST/STM32CubeIDE_1.18.0/STM32CubeIDE/plugins/com.st.stm32cube.ide.mcu.externaltools.gnu-tools-for-stm32.13.3.rel1.win32_1.0.0.202411081344/tools/bin/../lib/gcc/arm-none-eabi/13.3.1/../../../../arm-none-eabi/lib/thumb/v7e-m+dp/hard\libc_nano.a(libc_a-lock.o)
                0x08022bac                __retarget_lock_release_recursive
 .text.memcpy   0x08022bae       0x1c C:/ST/STM32CubeIDE_1.18.0/STM32CubeIDE/plugins/com.st.stm32cube.ide.mcu.externaltools.gnu-tools-for-stm32.13.3.rel1.win32_1.0.0.202411081344/tools/bin/../lib/gcc/arm-none-eabi/13.3.1/../../../../arm-none-eabi/lib/thumb/v7e-m+dp/hard\libc_nano.a(libc_a-memcpy-stub.o)
                0x08022bae                memcpy
 *fill*         0x08022bca        0x2 
 .text._free_r  0x08022bcc       0x94 C:/ST/STM32CubeIDE_1.18.0/STM32CubeIDE/plugins/com.st.stm32cube.ide.mcu.externaltools.gnu-tools-for-stm32.13.3.rel1.win32_1.0.0.202411081344/tools/bin/../lib/gcc/arm-none-eabi/13.3.1/../../../../arm-none-eabi/lib/thumb/v7e-m+dp/hard\libc_nano.a(libc_a-freer.o)
                0x08022bcc                _free_r
 .text._malloc_usable_size_r
                0x08022c60       0x10 C:/ST/STM32CubeIDE_1.18.0/STM32CubeIDE/plugins/com.st.stm32cube.ide.mcu.externaltools.gnu-tools-for-stm32.13.3.rel1.win32_1.0.0.202411081344/tools/bin/../lib/gcc/arm-none-eabi/13.3.1/../../../../arm-none-eabi/lib/thumb/v7e-m+dp/hard\libc_nano.a(libc_a-msizer.o)
                0x08022c60                _malloc_usable_size_r
 .text.__ssputs_r
                0x08022c70       0xb6 C:/ST/STM32CubeIDE_1.18.0/STM32CubeIDE/plugins/com.st.stm32cube.ide.mcu.externaltools.gnu-tools-for-stm32.13.3.rel1.win32_1.0.0.202411081344/tools/bin/../lib/gcc/arm-none-eabi/13.3.1/../../../../arm-none-eabi/lib/thumb/v7e-m+dp/hard\libc_nano.a(libc_a-nano-svfprintf.o)
                0x08022c70                __ssputs_r
 *fill*         0x08022d26        0x2 
 .text._svfprintf_r
                0x08022d28      0x1f8 C:/ST/STM32CubeIDE_1.18.0/STM32CubeIDE/plugins/com.st.stm32cube.ide.mcu.externaltools.gnu-tools-for-stm32.13.3.rel1.win32_1.0.0.202411081344/tools/bin/../lib/gcc/arm-none-eabi/13.3.1/../../../../arm-none-eabi/lib/thumb/v7e-m+dp/hard\libc_nano.a(libc_a-nano-svfprintf.o)
                0x08022d28                _svfiprintf_r
                0x08022d28                _svfprintf_r
 .text.__sfputc_r
                0x08022f20       0x2e C:/ST/STM32CubeIDE_1.18.0/STM32CubeIDE/plugins/com.st.stm32cube.ide.mcu.externaltools.gnu-tools-for-stm32.13.3.rel1.win32_1.0.0.202411081344/tools/bin/../lib/gcc/arm-none-eabi/13.3.1/../../../../arm-none-eabi/lib/thumb/v7e-m+dp/hard\libc_nano.a(libc_a-nano-vfprintf.o)
 .text.__sfputs_r
                0x08022f4e       0x24 C:/ST/STM32CubeIDE_1.18.0/STM32CubeIDE/plugins/com.st.stm32cube.ide.mcu.externaltools.gnu-tools-for-stm32.13.3.rel1.win32_1.0.0.202411081344/tools/bin/../lib/gcc/arm-none-eabi/13.3.1/../../../../arm-none-eabi/lib/thumb/v7e-m+dp/hard\libc_nano.a(libc_a-nano-vfprintf.o)
                0x08022f4e                __sfputs_r
 *fill*         0x08022f72        0x2 
 .text._vfprintf_r
                0x08022f74      0x230 C:/ST/STM32CubeIDE_1.18.0/STM32CubeIDE/plugins/com.st.stm32cube.ide.mcu.externaltools.gnu-tools-for-stm32.13.3.rel1.win32_1.0.0.202411081344/tools/bin/../lib/gcc/arm-none-eabi/13.3.1/../../../../arm-none-eabi/lib/thumb/v7e-m+dp/hard\libc_nano.a(libc_a-nano-vfprintf.o)
                0x08022f74                _vfprintf_r
                0x08022f74                _vfiprintf_r
 .text._printf_common
                0x080231a4       0xda C:/ST/STM32CubeIDE_1.18.0/STM32CubeIDE/plugins/com.st.stm32cube.ide.mcu.externaltools.gnu-tools-for-stm32.13.3.rel1.win32_1.0.0.202411081344/tools/bin/../lib/gcc/arm-none-eabi/13.3.1/../../../../arm-none-eabi/lib/thumb/v7e-m+dp/hard\libc_nano.a(libc_a-nano-vfprintf_i.o)
                0x080231a4                _printf_common
 *fill*         0x0802327e        0x2 
 .text._printf_i
                0x08023280      0x23c C:/ST/STM32CubeIDE_1.18.0/STM32CubeIDE/plugins/com.st.stm32cube.ide.mcu.externaltools.gnu-tools-for-stm32.13.3.rel1.win32_1.0.0.202411081344/tools/bin/../lib/gcc/arm-none-eabi/13.3.1/../../../../arm-none-eabi/lib/thumb/v7e-m+dp/hard\libc_nano.a(libc_a-nano-vfprintf_i.o)
                0x08023280                _printf_i
 .text.__sflush_r
                0x080234bc      0x108 C:/ST/STM32CubeIDE_1.18.0/STM32CubeIDE/plugins/com.st.stm32cube.ide.mcu.externaltools.gnu-tools-for-stm32.13.3.rel1.win32_1.0.0.202411081344/tools/bin/../lib/gcc/arm-none-eabi/13.3.1/../../../../arm-none-eabi/lib/thumb/v7e-m+dp/hard\libc_nano.a(libc_a-fflush.o)
                0x080234bc                __sflush_r
 .text._fflush_r
                0x080235c4       0x50 C:/ST/STM32CubeIDE_1.18.0/STM32CubeIDE/plugins/com.st.stm32cube.ide.mcu.externaltools.gnu-tools-for-stm32.13.3.rel1.win32_1.0.0.202411081344/tools/bin/../lib/gcc/arm-none-eabi/13.3.1/../../../../arm-none-eabi/lib/thumb/v7e-m+dp/hard\libc_nano.a(libc_a-fflush.o)
                0x080235c4                _fflush_r
 .text.__swhatbuf_r
                0x08023614       0x4c C:/ST/STM32CubeIDE_1.18.0/STM32CubeIDE/plugins/com.st.stm32cube.ide.mcu.externaltools.gnu-tools-for-stm32.13.3.rel1.win32_1.0.0.202411081344/tools/bin/../lib/gcc/arm-none-eabi/13.3.1/../../../../arm-none-eabi/lib/thumb/v7e-m+dp/hard\libc_nano.a(libc_a-makebuf.o)
                0x08023614                __swhatbuf_r
 .text.__smakebuf_r
                0x08023660       0x78 C:/ST/STM32CubeIDE_1.18.0/STM32CubeIDE/plugins/com.st.stm32cube.ide.mcu.externaltools.gnu-tools-for-stm32.13.3.rel1.win32_1.0.0.202411081344/tools/bin/../lib/gcc/arm-none-eabi/13.3.1/../../../../arm-none-eabi/lib/thumb/v7e-m+dp/hard\libc_nano.a(libc_a-makebuf.o)
                0x08023660                __smakebuf_r
 .text.memmove  0x080236d8       0x34 C:/ST/STM32CubeIDE_1.18.0/STM32CubeIDE/plugins/com.st.stm32cube.ide.mcu.externaltools.gnu-tools-for-stm32.13.3.rel1.win32_1.0.0.202411081344/tools/bin/../lib/gcc/arm-none-eabi/13.3.1/../../../../arm-none-eabi/lib/thumb/v7e-m+dp/hard\libc_nano.a(libc_a-memmove.o)
                0x080236d8                memmove
 .text._fstat_r
                0x0802370c       0x24 C:/ST/STM32CubeIDE_1.18.0/STM32CubeIDE/plugins/com.st.stm32cube.ide.mcu.externaltools.gnu-tools-for-stm32.13.3.rel1.win32_1.0.0.202411081344/tools/bin/../lib/gcc/arm-none-eabi/13.3.1/../../../../arm-none-eabi/lib/thumb/v7e-m+dp/hard\libc_nano.a(libc_a-fstatr.o)
                0x0802370c                _fstat_r
 .text._isatty_r
                0x08023730       0x20 C:/ST/STM32CubeIDE_1.18.0/STM32CubeIDE/plugins/com.st.stm32cube.ide.mcu.externaltools.gnu-tools-for-stm32.13.3.rel1.win32_1.0.0.202411081344/tools/bin/../lib/gcc/arm-none-eabi/13.3.1/../../../../arm-none-eabi/lib/thumb/v7e-m+dp/hard\libc_nano.a(libc_a-isattyr.o)
                0x08023730                _isatty_r
 *(.glue_7)
 .glue_7        0x08023750        0x0 linker stubs
 *(.glue_7t)
 .glue_7t       0x08023750        0x0 linker stubs
 *(.eh_frame)
 .eh_frame      0x08023750        0x0 C:/ST/STM32CubeIDE_1.18.0/STM32CubeIDE/plugins/com.st.stm32cube.ide.mcu.externaltools.gnu-tools-for-stm32.13.3.rel1.win32_1.0.0.202411081344/tools/bin/../lib/gcc/arm-none-eabi/13.3.1/thumb/v7e-m+dp/hard/crtbegin.o
 *(.init)
 .init          0x08023750        0x4 C:/ST/STM32CubeIDE_1.18.0/STM32CubeIDE/plugins/com.st.stm32cube.ide.mcu.externaltools.gnu-tools-for-stm32.13.3.rel1.win32_1.0.0.202411081344/tools/bin/../lib/gcc/arm-none-eabi/13.3.1/thumb/v7e-m+dp/hard/crti.o
                0x08023750                _init
 .init          0x08023754        0x8 C:/ST/STM32CubeIDE_1.18.0/STM32CubeIDE/plugins/com.st.stm32cube.ide.mcu.externaltools.gnu-tools-for-stm32.13.3.rel1.win32_1.0.0.202411081344/tools/bin/../lib/gcc/arm-none-eabi/13.3.1/thumb/v7e-m+dp/hard/crtn.o
 *(.fini)
 .fini          0x0802375c        0x4 C:/ST/STM32CubeIDE_1.18.0/STM32CubeIDE/plugins/com.st.stm32cube.ide.mcu.externaltools.gnu-tools-for-stm32.13.3.rel1.win32_1.0.0.202411081344/tools/bin/../lib/gcc/arm-none-eabi/13.3.1/thumb/v7e-m+dp/hard/crti.o
                0x0802375c                _fini
 .fini          0x08023760        0x8 C:/ST/STM32CubeIDE_1.18.0/STM32CubeIDE/plugins/com.st.stm32cube.ide.mcu.externaltools.gnu-tools-for-stm32.13.3.rel1.win32_1.0.0.202411081344/tools/bin/../lib/gcc/arm-none-eabi/13.3.1/thumb/v7e-m+dp/hard/crtn.o
                0x08023768                        . = ALIGN (0x4)
                0x08023768                        _etext = .

.vfp11_veneer   0x08023768        0x0
 .vfp11_veneer  0x08023768        0x0 linker stubs

.v4_bx          0x08023768        0x0
 .v4_bx         0x08023768        0x0 linker stubs

.iplt           0x08023768        0x0
 .iplt          0x08023768        0x0 C:/ST/STM32CubeIDE_1.18.0/STM32CubeIDE/plugins/com.st.stm32cube.ide.mcu.externaltools.gnu-tools-for-stm32.13.3.rel1.win32_1.0.0.202411081344/tools/bin/../lib/gcc/arm-none-eabi/13.3.1/thumb/v7e-m+dp/hard/crtbegin.o

.rodata         0x08023780    0x1e77c
                0x08023780                        . = ALIGN (0x4)
 *(.rodata)
 .rodata        0x08023780       0xd8 ./X-CUBE-AI/App/app_x-cube-ai.o
 .rodata        0x08023858       0x30 ./X-CUBE-AI/App/network_data.o
 *(.rodata*)
 .rodata.D1CorePrescTable
                0x08023888       0x10 ./Common/Src/system_stm32h7xx_dualcore_boot_cm4_cm7.o
                0x08023888                D1CorePrescTable
 .rodata.UARTPrescTable
                0x08023898       0x18 ./Drivers/STM32H7xx_HAL_Driver/stm32h7xx_hal_uart.o
                0x08023898                UARTPrescTable
 .rodata.numerator.1
                0x080238b0        0x8 ./Drivers/STM32H7xx_HAL_Driver/stm32h7xx_hal_uart_ex.o
 .rodata.denominator.0
                0x080238b8        0x8 ./Drivers/STM32H7xx_HAL_Driver/stm32h7xx_hal_uart_ex.o
 .rodata.digit1
                0x080238c0      0x310 ./X-CUBE-AI/App/app_x-cube-ai.o
                0x080238c0                digit1
 .rodata.__compound_literal.0
                0x08023bd0        0x4 ./X-CUBE-AI/App/network.o
 .rodata.__compound_literal.1
                0x08023bd4        0x1 ./X-CUBE-AI/App/network.o
 *fill*         0x08023bd5        0x3 
 .rodata.__compound_literal.2
                0x08023bd8        0x8 ./X-CUBE-AI/App/network.o
 .rodata.conv2d_0_output_array_intq
                0x08023be0        0x8 ./X-CUBE-AI/App/network.o
 .rodata.__compound_literal.3
                0x08023be8        0x4 ./X-CUBE-AI/App/network.o
 .rodata.__compound_literal.4
                0x08023bec        0x1 ./X-CUBE-AI/App/network.o
 *fill*         0x08023bed        0x3 
 .rodata.__compound_literal.5
                0x08023bf0        0x8 ./X-CUBE-AI/App/network.o
 .rodata.conv2d_0_scratch1_array_intq
                0x08023bf8        0x8 ./X-CUBE-AI/App/network.o
 .rodata.__compound_literal.6
                0x08023c00       0x80 ./X-CUBE-AI/App/network.o
 .rodata.__compound_literal.7
                0x08023c80       0x20 ./X-CUBE-AI/App/network.o
 .rodata.__compound_literal.8
                0x08023ca0        0x8 ./X-CUBE-AI/App/network.o
 .rodata.conv2d_0_weights_array_intq
                0x08023ca8        0x8 ./X-CUBE-AI/App/network.o
 .rodata.__compound_literal.9
                0x08023cb0        0x4 ./X-CUBE-AI/App/network.o
 .rodata.__compound_literal.10
                0x08023cb4        0x1 ./X-CUBE-AI/App/network.o
 *fill*         0x08023cb5        0x3 
 .rodata.__compound_literal.11
                0x08023cb8        0x8 ./X-CUBE-AI/App/network.o
 .rodata.conv2d_2_output_array_intq
                0x08023cc0        0x8 ./X-CUBE-AI/App/network.o
 .rodata.__compound_literal.12
                0x08023cc8        0x4 ./X-CUBE-AI/App/network.o
 .rodata.__compound_literal.13
                0x08023ccc        0x1 ./X-CUBE-AI/App/network.o
 *fill*         0x08023ccd        0x3 
 .rodata.__compound_literal.14
                0x08023cd0        0x8 ./X-CUBE-AI/App/network.o
 .rodata.conv2d_2_scratch1_array_intq
                0x08023cd8        0x8 ./X-CUBE-AI/App/network.o
 .rodata.__compound_literal.15
                0x08023ce0      0x100 ./X-CUBE-AI/App/network.o
 .rodata.__compound_literal.16
                0x08023de0       0x40 ./X-CUBE-AI/App/network.o
 .rodata.__compound_literal.17
                0x08023e20        0x8 ./X-CUBE-AI/App/network.o
 .rodata.conv2d_2_weights_array_intq
                0x08023e28        0x8 ./X-CUBE-AI/App/network.o
 .rodata.__compound_literal.18
                0x08023e30        0x4 ./X-CUBE-AI/App/network.o
 .rodata.__compound_literal.19
                0x08023e34        0x1 ./X-CUBE-AI/App/network.o
 *fill*         0x08023e35        0x3 
 .rodata.__compound_literal.20
                0x08023e38        0x8 ./X-CUBE-AI/App/network.o
 .rodata.gemm_5_output_array_intq
                0x08023e40        0x8 ./X-CUBE-AI/App/network.o
 .rodata.__compound_literal.21
                0x08023e48      0x100 ./X-CUBE-AI/App/network.o
 .rodata.__compound_literal.22
                0x08023f48       0x40 ./X-CUBE-AI/App/network.o
 .rodata.__compound_literal.23
                0x08023f88        0x8 ./X-CUBE-AI/App/network.o
 .rodata.gemm_5_weights_array_intq
                0x08023f90        0x8 ./X-CUBE-AI/App/network.o
 .rodata.__compound_literal.24
                0x08023f98        0x4 ./X-CUBE-AI/App/network.o
 .rodata.__compound_literal.25
                0x08023f9c        0x1 ./X-CUBE-AI/App/network.o
 *fill*         0x08023f9d        0x3 
 .rodata.__compound_literal.26
                0x08023fa0        0x8 ./X-CUBE-AI/App/network.o
 .rodata.gemm_6_output_array_intq
                0x08023fa8        0x8 ./X-CUBE-AI/App/network.o
 .rodata.__compound_literal.27
                0x08023fb0       0x28 ./X-CUBE-AI/App/network.o
 .rodata.__compound_literal.28
                0x08023fd8        0xa ./X-CUBE-AI/App/network.o
 *fill*         0x08023fe2        0x2 
 .rodata.__compound_literal.29
                0x08023fe4        0x8 ./X-CUBE-AI/App/network.o
 .rodata.gemm_6_weights_array_intq
                0x08023fec        0x8 ./X-CUBE-AI/App/network.o
 .rodata.__compound_literal.30
                0x08023ff4        0x4 ./X-CUBE-AI/App/network.o
 .rodata.__compound_literal.31
                0x08023ff8        0x1 ./X-CUBE-AI/App/network.o
 *fill*         0x08023ff9        0x3 
 .rodata.__compound_literal.32
                0x08023ffc        0x8 ./X-CUBE-AI/App/network.o
 .rodata.nl_7_output_array_intq
                0x08024004        0x8 ./X-CUBE-AI/App/network.o
 .rodata.__compound_literal.33
                0x0802400c        0x4 ./X-CUBE-AI/App/network.o
 .rodata.__compound_literal.34
                0x08024010        0x1 ./X-CUBE-AI/App/network.o
 *fill*         0x08024011        0x3 
 .rodata.__compound_literal.35
                0x08024014        0x8 ./X-CUBE-AI/App/network.o
 .rodata.serving_default_keras_tensor_150_output_array_intq
                0x0802401c        0x8 ./X-CUBE-AI/App/network.o
 .rodata.nl_7_nl_params_data
                0x08024024        0xc ./X-CUBE-AI/App/network.o
 .rodata.nl_7_nl_params
                0x08024030       0x10 ./X-CUBE-AI/App/network.o
 .rodata.nl_7_chain
                0x08024040        0x8 ./X-CUBE-AI/App/network.o
 .rodata.gemm_6_chain
                0x08024048        0x8 ./X-CUBE-AI/App/network.o
 .rodata.gemm_5_chain
                0x08024050        0x8 ./X-CUBE-AI/App/network.o
 .rodata.conv2d_2_chain
                0x08024058        0x8 ./X-CUBE-AI/App/network.o
 .rodata.conv2d_0_chain
                0x08024060        0x8 ./X-CUBE-AI/App/network.o
 *fill*         0x08024068       0x18 
 .rodata.s_network_weights_array_u64
                0x08024080    0x1de48 ./X-CUBE-AI/App/network_data_params.o
                0x08024080                s_network_weights_array_u64
 .rodata._svfprintf_r.str1.1
                0x08041ec8       0x33 C:/ST/STM32CubeIDE_1.18.0/STM32CubeIDE/plugins/com.st.stm32cube.ide.mcu.externaltools.gnu-tools-for-stm32.13.3.rel1.win32_1.0.0.202411081344/tools/bin/../lib/gcc/arm-none-eabi/13.3.1/../../../../arm-none-eabi/lib/thumb/v7e-m+dp/hard\libc_nano.a(libc_a-nano-svfprintf.o)
                                 0x11 (size before relaxing)
 .rodata._vfprintf_r.str1.1
                0x08041efb       0x11 C:/ST/STM32CubeIDE_1.18.0/STM32CubeIDE/plugins/com.st.stm32cube.ide.mcu.externaltools.gnu-tools-for-stm32.13.3.rel1.win32_1.0.0.202411081344/tools/bin/../lib/gcc/arm-none-eabi/13.3.1/../../../../arm-none-eabi/lib/thumb/v7e-m+dp/hard\libc_nano.a(libc_a-nano-vfprintf.o)
 .rodata._printf_i.str1.1
                0x08041efb       0x22 C:/ST/STM32CubeIDE_1.18.0/STM32CubeIDE/plugins/com.st.stm32cube.ide.mcu.externaltools.gnu-tools-for-stm32.13.3.rel1.win32_1.0.0.202411081344/tools/bin/../lib/gcc/arm-none-eabi/13.3.1/../../../../arm-none-eabi/lib/thumb/v7e-m+dp/hard\libc_nano.a(libc_a-nano-vfprintf_i.o)
                0x08041f20                        . = ALIGN (0x4)
 *fill*         0x08041efb        0x1 

.ARM.extab      0x08041efc        0x0
                0x08041efc                        . = ALIGN (0x4)
 *(.ARM.extab* .gnu.linkonce.armextab.*)
                0x08041efc                        . = ALIGN (0x4)

.ARM            0x08041efc        0x8
                0x08041efc                        . = ALIGN (0x4)
                0x08041efc                        __exidx_start = .
 *(.ARM.exidx*)
 .ARM.exidx     0x08041efc        0x8 C:/ST/STM32CubeIDE_1.18.0/STM32CubeIDE/plugins/com.st.stm32cube.ide.mcu.externaltools.gnu-tools-for-stm32.13.3.rel1.win32_1.0.0.202411081344/tools/bin/../lib/gcc/arm-none-eabi/13.3.1/../../../../arm-none-eabi/lib/thumb/v7e-m+dp/hard\libc_nano.a(libc_a-strlen.o)
 .ARM.exidx     0x08041f04        0x0 C:/ST/STM32CubeIDE_1.18.0/STM32CubeIDE/plugins/com.st.stm32cube.ide.mcu.externaltools.gnu-tools-for-stm32.13.3.rel1.win32_1.0.0.202411081344/tools/bin/../lib/gcc/arm-none-eabi/13.3.1/../../../../arm-none-eabi/lib/thumb/v7e-m+dp/hard\libc_nano.a(libc_a-memchr.o)
                                  0x8 (size before relaxing)
 .ARM.exidx     0x08041f04        0x0 C:/ST/STM32CubeIDE_1.18.0/STM32CubeIDE/plugins/com.st.stm32cube.ide.mcu.externaltools.gnu-tools-for-stm32.13.3.rel1.win32_1.0.0.202411081344/tools/bin/../lib/gcc/arm-none-eabi/13.3.1/thumb/v7e-m+dp/hard\libgcc.a(_udivmoddi4.o)
                                  0x8 (size before relaxing)
                0x08041f04                        __exidx_end = .
                0x08041f04                        . = ALIGN (0x4)

.preinit_array  0x08041f04        0x0
                0x08041f04                        . = ALIGN (0x4)
                0x08041f04                        PROVIDE (__preinit_array_start = .)
 *(.preinit_array*)
                0x08041f04                        PROVIDE (__preinit_array_end = .)
                0x08041f04                        . = ALIGN (0x4)

.init_array     0x08041f04        0x4
                0x08041f04                        . = ALIGN (0x4)
                0x08041f04                        PROVIDE (__init_array_start = .)
 *(SORT_BY_NAME(.init_array.*))
 *(.init_array*)
 .init_array    0x08041f04        0x4 C:/ST/STM32CubeIDE_1.18.0/STM32CubeIDE/plugins/com.st.stm32cube.ide.mcu.externaltools.gnu-tools-for-stm32.13.3.rel1.win32_1.0.0.202411081344/tools/bin/../lib/gcc/arm-none-eabi/13.3.1/thumb/v7e-m+dp/hard/crtbegin.o
                0x08041f08                        PROVIDE (__init_array_end = .)
                0x08041f08                        . = ALIGN (0x4)

.fini_array     0x08041f08        0x4
                0x08041f08                        . = ALIGN (0x4)
                [!provide]                        PROVIDE (__fini_array_start = .)
 *(SORT_BY_NAME(.fini_array.*))
 *(.fini_array*)
 .fini_array    0x08041f08        0x4 C:/ST/STM32CubeIDE_1.18.0/STM32CubeIDE/plugins/com.st.stm32cube.ide.mcu.externaltools.gnu-tools-for-stm32.13.3.rel1.win32_1.0.0.202411081344/tools/bin/../lib/gcc/arm-none-eabi/13.3.1/thumb/v7e-m+dp/hard/crtbegin.o
                [!provide]                        PROVIDE (__fini_array_end = .)
                0x08041f0c                        . = ALIGN (0x4)
                0x08041f0c                        _sidata = LOADADDR (.data)

.rel.dyn        0x08041f0c        0x0
 .rel.iplt      0x08041f0c        0x0 C:/ST/STM32CubeIDE_1.18.0/STM32CubeIDE/plugins/com.st.stm32cube.ide.mcu.externaltools.gnu-tools-for-stm32.13.3.rel1.win32_1.0.0.202411081344/tools/bin/../lib/gcc/arm-none-eabi/13.3.1/thumb/v7e-m+dp/hard/crtbegin.o

.data           0x24000000      0xaa8 load address 0x08041f0c
                0x24000000                        . = ALIGN (0x4)
                0x24000000                        _sdata = .
 *(.data)
 *(.data*)
 .data.SystemCoreClock
                0x24000000        0x4 ./Common/Src/system_stm32h7xx_dualcore_boot_cm4_cm7.o
                0x24000000                SystemCoreClock
 .data.SystemD2Clock
                0x24000004        0x4 ./Common/Src/system_stm32h7xx_dualcore_boot_cm4_cm7.o
                0x24000004                SystemD2Clock
 .data.uwTickPrio
                0x24000008        0x4 ./Drivers/STM32H7xx_HAL_Driver/stm32h7xx_hal.o
                0x24000008                uwTickPrio
 .data.uwTickFreq
                0x2400000c        0x1 ./Drivers/STM32H7xx_HAL_Driver/stm32h7xx_hal.o
                0x2400000c                uwTickFreq
 *fill*         0x2400000d        0x3 
 .data.err_msg  0x24000010       0x14 ./X-CUBE-AI/App/app_x-cube-ai.o
                0x24000010                err_msg
 .data.data_activations0
                0x24000024        0x4 ./X-CUBE-AI/App/app_x-cube-ai.o
                0x24000024                data_activations0
 .data.serving_default_keras_tensor_150_output_array
                0x24000028       0x10 ./X-CUBE-AI/App/network.o
 .data.conv2d_0_output_array
                0x24000038       0x10 ./X-CUBE-AI/App/network.o
 .data.conv2d_2_output_array
                0x24000048       0x10 ./X-CUBE-AI/App/network.o
 .data.gemm_5_output_array
                0x24000058       0x10 ./X-CUBE-AI/App/network.o
 .data.gemm_6_output_array
                0x24000068       0x10 ./X-CUBE-AI/App/network.o
 .data.nl_7_output_array
                0x24000078       0x10 ./X-CUBE-AI/App/network.o
 .data.conv2d_0_weights_array
                0x24000088       0x10 ./X-CUBE-AI/App/network.o
 .data.conv2d_0_bias_array
                0x24000098       0x10 ./X-CUBE-AI/App/network.o
 .data.conv2d_2_weights_array
                0x240000a8       0x10 ./X-CUBE-AI/App/network.o
 .data.conv2d_2_bias_array
                0x240000b8       0x10 ./X-CUBE-AI/App/network.o
 .data.gemm_5_weights_array
                0x240000c8       0x10 ./X-CUBE-AI/App/network.o
 .data.gemm_5_bias_array
                0x240000d8       0x10 ./X-CUBE-AI/App/network.o
 .data.gemm_6_weights_array
                0x240000e8       0x10 ./X-CUBE-AI/App/network.o
 .data.gemm_6_bias_array
                0x240000f8       0x10 ./X-CUBE-AI/App/network.o
 .data.conv2d_0_scratch0_array
                0x24000108       0x10 ./X-CUBE-AI/App/network.o
 .data.conv2d_0_scratch1_array
                0x24000118       0x10 ./X-CUBE-AI/App/network.o
 .data.conv2d_2_scratch0_array
                0x24000128       0x10 ./X-CUBE-AI/App/network.o
 .data.conv2d_2_scratch1_array
                0x24000138       0x10 ./X-CUBE-AI/App/network.o
 .data.gemm_5_scratch0_array
                0x24000148       0x10 ./X-CUBE-AI/App/network.o
 .data.gemm_6_scratch0_array
                0x24000158       0x10 ./X-CUBE-AI/App/network.o
 .data.nl_7_scratch0_array
                0x24000168       0x10 ./X-CUBE-AI/App/network.o
 .data.__compound_literal.36
                0x24000178       0x10 ./X-CUBE-AI/App/network.o
 .data.__compound_literal.37
                0x24000188       0x10 ./X-CUBE-AI/App/network.o
 .data.conv2d_0_bias
                0x24000198       0x1c ./X-CUBE-AI/App/network.o
 .data.__compound_literal.38
                0x240001b4       0x10 ./X-CUBE-AI/App/network.o
 .data.__compound_literal.39
                0x240001c4       0x10 ./X-CUBE-AI/App/network.o
 .data.conv2d_0_output
                0x240001d4       0x1c ./X-CUBE-AI/App/network.o
 .data.__compound_literal.40
                0x240001f0       0x10 ./X-CUBE-AI/App/network.o
 .data.__compound_literal.41
                0x24000200       0x10 ./X-CUBE-AI/App/network.o
 .data.conv2d_0_scratch0
                0x24000210       0x1c ./X-CUBE-AI/App/network.o
 .data.__compound_literal.42
                0x2400022c       0x10 ./X-CUBE-AI/App/network.o
 .data.__compound_literal.43
                0x2400023c       0x10 ./X-CUBE-AI/App/network.o
 .data.conv2d_0_scratch1
                0x2400024c       0x1c ./X-CUBE-AI/App/network.o
 .data.__compound_literal.44
                0x24000268       0x10 ./X-CUBE-AI/App/network.o
 .data.__compound_literal.45
                0x24000278       0x10 ./X-CUBE-AI/App/network.o
 .data.conv2d_0_weights
                0x24000288       0x1c ./X-CUBE-AI/App/network.o
 .data.__compound_literal.46
                0x240002a4       0x10 ./X-CUBE-AI/App/network.o
 .data.__compound_literal.47
                0x240002b4       0x10 ./X-CUBE-AI/App/network.o
 .data.conv2d_2_bias
                0x240002c4       0x1c ./X-CUBE-AI/App/network.o
 .data.__compound_literal.48
                0x240002e0       0x10 ./X-CUBE-AI/App/network.o
 .data.__compound_literal.49
                0x240002f0       0x10 ./X-CUBE-AI/App/network.o
 .data.conv2d_2_output
                0x24000300       0x1c ./X-CUBE-AI/App/network.o
 .data.__compound_literal.50
                0x2400031c       0x10 ./X-CUBE-AI/App/network.o
 .data.__compound_literal.51
                0x2400032c       0x10 ./X-CUBE-AI/App/network.o
 .data.conv2d_2_output0
                0x2400033c       0x1c ./X-CUBE-AI/App/network.o
 .data.__compound_literal.52
                0x24000358       0x10 ./X-CUBE-AI/App/network.o
 .data.__compound_literal.53
                0x24000368       0x10 ./X-CUBE-AI/App/network.o
 .data.conv2d_2_scratch0
                0x24000378       0x1c ./X-CUBE-AI/App/network.o
 .data.__compound_literal.54
                0x24000394       0x10 ./X-CUBE-AI/App/network.o
 .data.__compound_literal.55
                0x240003a4       0x10 ./X-CUBE-AI/App/network.o
 .data.conv2d_2_scratch1
                0x240003b4       0x1c ./X-CUBE-AI/App/network.o
 .data.__compound_literal.56
                0x240003d0       0x10 ./X-CUBE-AI/App/network.o
 .data.__compound_literal.57
                0x240003e0       0x10 ./X-CUBE-AI/App/network.o
 .data.conv2d_2_weights
                0x240003f0       0x1c ./X-CUBE-AI/App/network.o
 .data.__compound_literal.58
                0x2400040c       0x10 ./X-CUBE-AI/App/network.o
 .data.__compound_literal.59
                0x2400041c       0x10 ./X-CUBE-AI/App/network.o
 .data.gemm_5_bias
                0x2400042c       0x1c ./X-CUBE-AI/App/network.o
 .data.__compound_literal.60
                0x24000448       0x10 ./X-CUBE-AI/App/network.o
 .data.__compound_literal.61
                0x24000458       0x10 ./X-CUBE-AI/App/network.o
 .data.gemm_5_output
                0x24000468       0x1c ./X-CUBE-AI/App/network.o
 .data.__compound_literal.62
                0x24000484       0x10 ./X-CUBE-AI/App/network.o
 .data.__compound_literal.63
                0x24000494       0x10 ./X-CUBE-AI/App/network.o
 .data.gemm_5_scratch0
                0x240004a4       0x1c ./X-CUBE-AI/App/network.o
 .data.__compound_literal.64
                0x240004c0       0x10 ./X-CUBE-AI/App/network.o
 .data.__compound_literal.65
                0x240004d0       0x10 ./X-CUBE-AI/App/network.o
 .data.gemm_5_weights
                0x240004e0       0x1c ./X-CUBE-AI/App/network.o
 .data.__compound_literal.66
                0x240004fc       0x10 ./X-CUBE-AI/App/network.o
 .data.__compound_literal.67
                0x2400050c       0x10 ./X-CUBE-AI/App/network.o
 .data.gemm_6_bias
                0x2400051c       0x1c ./X-CUBE-AI/App/network.o
 .data.__compound_literal.68
                0x24000538       0x10 ./X-CUBE-AI/App/network.o
 .data.__compound_literal.69
                0x24000548       0x10 ./X-CUBE-AI/App/network.o
 .data.gemm_6_output
                0x24000558       0x1c ./X-CUBE-AI/App/network.o
 .data.__compound_literal.70
                0x24000574       0x10 ./X-CUBE-AI/App/network.o
 .data.__compound_literal.71
                0x24000584       0x10 ./X-CUBE-AI/App/network.o
 .data.gemm_6_scratch0
                0x24000594       0x1c ./X-CUBE-AI/App/network.o
 .data.__compound_literal.72
                0x240005b0       0x10 ./X-CUBE-AI/App/network.o
 .data.__compound_literal.73
                0x240005c0       0x10 ./X-CUBE-AI/App/network.o
 .data.gemm_6_weights
                0x240005d0       0x1c ./X-CUBE-AI/App/network.o
 .data.__compound_literal.74
                0x240005ec       0x10 ./X-CUBE-AI/App/network.o
 .data.__compound_literal.75
                0x240005fc       0x10 ./X-CUBE-AI/App/network.o
 .data.nl_7_output
                0x2400060c       0x1c ./X-CUBE-AI/App/network.o
 .data.__compound_literal.76
                0x24000628       0x10 ./X-CUBE-AI/App/network.o
 .data.__compound_literal.77
                0x24000638       0x10 ./X-CUBE-AI/App/network.o
 .data.nl_7_scratch0
                0x24000648       0x1c ./X-CUBE-AI/App/network.o
 .data.__compound_literal.78
                0x24000664       0x10 ./X-CUBE-AI/App/network.o
 .data.__compound_literal.79
                0x24000674       0x10 ./X-CUBE-AI/App/network.o
 .data.serving_default_keras_tensor_150_output
                0x24000684       0x1c ./X-CUBE-AI/App/network.o
 .data.__compound_literal.80
                0x240006a0        0x4 ./X-CUBE-AI/App/network.o
 .data.__compound_literal.81
                0x240006a4        0x4 ./X-CUBE-AI/App/network.o
 .data.__compound_literal.83
                0x240006a8        0x4 ./X-CUBE-AI/App/network.o
 .data.__compound_literal.84
                0x240006ac       0x30 ./X-CUBE-AI/App/network.o
 .data.nl_7_layer
                0x240006dc       0x24 ./X-CUBE-AI/App/network.o
 .data.__compound_literal.85
                0x24000700        0x4 ./X-CUBE-AI/App/network.o
 .data.__compound_literal.86
                0x24000704        0x4 ./X-CUBE-AI/App/network.o
 .data.__compound_literal.87
                0x24000708        0x8 ./X-CUBE-AI/App/network.o
 .data.__compound_literal.88
                0x24000710        0x4 ./X-CUBE-AI/App/network.o
 .data.__compound_literal.89
                0x24000714       0x30 ./X-CUBE-AI/App/network.o
 .data.gemm_6_layer
                0x24000744       0x1c ./X-CUBE-AI/App/network.o
 .data.__compound_literal.90
                0x24000760        0x4 ./X-CUBE-AI/App/network.o
 .data.__compound_literal.91
                0x24000764        0x4 ./X-CUBE-AI/App/network.o
 .data.__compound_literal.92
                0x24000768        0x8 ./X-CUBE-AI/App/network.o
 .data.__compound_literal.93
                0x24000770        0x4 ./X-CUBE-AI/App/network.o
 .data.__compound_literal.94
                0x24000774       0x30 ./X-CUBE-AI/App/network.o
 .data.gemm_5_layer
                0x240007a4       0x1c ./X-CUBE-AI/App/network.o
 .data.__compound_literal.95
                0x240007c0        0x4 ./X-CUBE-AI/App/network.o
 .data.__compound_literal.96
                0x240007c4        0x4 ./X-CUBE-AI/App/network.o
 .data.__compound_literal.97
                0x240007c8        0xc ./X-CUBE-AI/App/network.o
 .data.__compound_literal.98
                0x240007d4        0x8 ./X-CUBE-AI/App/network.o
 .data.__compound_literal.99
                0x240007dc       0x30 ./X-CUBE-AI/App/network.o
 .data.conv2d_2_layer
                0x2400080c       0x60 ./X-CUBE-AI/App/network.o
 .data.__compound_literal.102
                0x2400086c        0x4 ./X-CUBE-AI/App/network.o
 .data.__compound_literal.103
                0x24000870        0x4 ./X-CUBE-AI/App/network.o
 .data.__compound_literal.104
                0x24000874        0xc ./X-CUBE-AI/App/network.o
 .data.__compound_literal.105
                0x24000880        0x8 ./X-CUBE-AI/App/network.o
 .data.__compound_literal.106
                0x24000888       0x30 ./X-CUBE-AI/App/network.o
 .data.conv2d_0_layer
                0x240008b8       0x60 ./X-CUBE-AI/App/network.o
 .data.__compound_literal.109
                0x24000918       0x10 ./X-CUBE-AI/App/network.o
 .data.__compound_literal.110
                0x24000928       0x1c ./X-CUBE-AI/App/network.o
 .data.__compound_literal.111
                0x24000944       0x10 ./X-CUBE-AI/App/network.o
 .data.__compound_literal.112
                0x24000954       0x1c ./X-CUBE-AI/App/network.o
 .data.__compound_literal.113
                0x24000970        0x4 ./X-CUBE-AI/App/network.o
 .data.__compound_literal.117
                0x24000974        0xc ./X-CUBE-AI/App/network.o
 .data.__compound_literal.118
                0x24000980        0x4 ./X-CUBE-AI/App/network.o
 .data.__compound_literal.122
                0x24000984        0xc ./X-CUBE-AI/App/network.o
 .data.__compound_literal.123
                0x24000990       0x18 ./X-CUBE-AI/App/network.o
 .data.g_network
                0x240009a8       0x4c ./X-CUBE-AI/App/network.o
 .data.__compound_literal.0
                0x240009f4       0x10 ./X-CUBE-AI/App/network_data.o
 .data.g_network_data_map_activations
                0x24000a04       0x1c ./X-CUBE-AI/App/network_data.o
                0x24000a04                g_network_data_map_activations
 .data.__compound_literal.1
                0x24000a20       0x10 ./X-CUBE-AI/App/network_data.o
 .data.g_network_data_map_weights
                0x24000a30       0x1c ./X-CUBE-AI/App/network_data.o
                0x24000a30                g_network_data_map_weights
 .data.__sglue  0x24000a4c        0xc C:/ST/STM32CubeIDE_1.18.0/STM32CubeIDE/plugins/com.st.stm32cube.ide.mcu.externaltools.gnu-tools-for-stm32.13.3.rel1.win32_1.0.0.202411081344/tools/bin/../lib/gcc/arm-none-eabi/13.3.1/../../../../arm-none-eabi/lib/thumb/v7e-m+dp/hard\libc_nano.a(libc_a-findfp.o)
                0x24000a4c                __sglue
 .data._impure_ptr
                0x24000a58        0x4 C:/ST/STM32CubeIDE_1.18.0/STM32CubeIDE/plugins/com.st.stm32cube.ide.mcu.externaltools.gnu-tools-for-stm32.13.3.rel1.win32_1.0.0.202411081344/tools/bin/../lib/gcc/arm-none-eabi/13.3.1/../../../../arm-none-eabi/lib/thumb/v7e-m+dp/hard\libc_nano.a(libc_a-impure.o)
                0x24000a58                _impure_ptr
 .data._impure_data
                0x24000a5c       0x4c C:/ST/STM32CubeIDE_1.18.0/STM32CubeIDE/plugins/com.st.stm32cube.ide.mcu.externaltools.gnu-tools-for-stm32.13.3.rel1.win32_1.0.0.202411081344/tools/bin/../lib/gcc/arm-none-eabi/13.3.1/../../../../arm-none-eabi/lib/thumb/v7e-m+dp/hard\libc_nano.a(libc_a-impure.o)
                0x24000a5c                _impure_data
 *(.RamFunc)
 *(.RamFunc*)
                0x24000aa8                        . = ALIGN (0x4)
                0x24000aa8                        _edata = .

.igot.plt       0x24000aa8        0x0 load address 0x080429b4
 .igot.plt      0x24000aa8        0x0 C:/ST/STM32CubeIDE_1.18.0/STM32CubeIDE/plugins/com.st.stm32cube.ide.mcu.externaltools.gnu-tools-for-stm32.13.3.rel1.win32_1.0.0.202411081344/tools/bin/../lib/gcc/arm-none-eabi/13.3.1/thumb/v7e-m+dp/hard/crtbegin.o
                0x24000aa8                        . = ALIGN (0x4)

.bss            0x24000ac0     0x3aec load address 0x080429b4
                0x24000ac0                        _sbss = .
                0x24000ac0                        __bss_start__ = _sbss
 *(.bss)
 .bss           0x24000ac0       0x1c C:/ST/STM32CubeIDE_1.18.0/STM32CubeIDE/plugins/com.st.stm32cube.ide.mcu.externaltools.gnu-tools-for-stm32.13.3.rel1.win32_1.0.0.202411081344/tools/bin/../lib/gcc/arm-none-eabi/13.3.1/thumb/v7e-m+dp/hard/crtbegin.o
 *(.bss*)
 .bss.__sbrk_heap_end
                0x24000adc        0x4 ./Core/Src/sysmem.o
 .bss.huart3    0x24000ae0       0x94 ./Core/Src/usart.o
                0x24000ae0                huart3
 .bss.uwTick    0x24000b74        0x4 ./Drivers/STM32H7xx_HAL_Driver/stm32h7xx_hal.o
                0x24000b74                uwTick
 .bss.msg       0x24000b78       0x32 ./X-CUBE-AI/App/app_x-cube-ai.o
                0x24000b78                msg
 *fill*         0x24000baa        0x2 
 .bss.data_ins  0x24000bac        0x4 ./X-CUBE-AI/App/app_x-cube-ai.o
                0x24000bac                data_ins
 .bss.data_outs
                0x24000bb0        0x4 ./X-CUBE-AI/App/app_x-cube-ai.o
                0x24000bb0                data_outs
 *fill*         0x24000bb4        0xc 
 .bss.pool0     0x24000bc0     0x37e0 ./X-CUBE-AI/App/app_x-cube-ai.o
 .bss.network   0x240043a0        0x4 ./X-CUBE-AI/App/app_x-cube-ai.o
 .bss.ai_input  0x240043a4        0x4 ./X-CUBE-AI/App/app_x-cube-ai.o
 .bss.ai_output
                0x240043a8        0x4 ./X-CUBE-AI/App/app_x-cube-ai.o
 .bss.g_network_activations_map
                0x240043ac        0x4 ./X-CUBE-AI/App/network.o
 .bss.g_network_weights_map
                0x240043b0        0x4 ./X-CUBE-AI/App/network.o
 .bss.__compound_literal.82
                0x240043b4        0x4 ./X-CUBE-AI/App/network.o
 .bss.__compound_literal.100
                0x240043b8       0x10 ./X-CUBE-AI/App/network.o
 .bss.__compound_literal.101
                0x240043c8       0x10 ./X-CUBE-AI/App/network.o
 .bss.__compound_literal.107
                0x240043d8       0x10 ./X-CUBE-AI/App/network.o
 .bss.__compound_literal.108
                0x240043e8       0x10 ./X-CUBE-AI/App/network.o
 .bss.__compound_literal.114
                0x240043f8       0x1c ./X-CUBE-AI/App/network.o
 .bss.__compound_literal.115
                0x24004414       0x10 ./X-CUBE-AI/App/network.o
 .bss.__compound_literal.116
                0x24004424        0x8 ./X-CUBE-AI/App/network.o
 .bss.__compound_literal.119
                0x2400442c       0x1c ./X-CUBE-AI/App/network.o
 .bss.__compound_literal.120
                0x24004448       0x10 ./X-CUBE-AI/App/network.o
 .bss.__compound_literal.121
                0x24004458        0x8 ./X-CUBE-AI/App/network.o
 .bss.__malloc_sbrk_start
                0x24004460        0x4 C:/ST/STM32CubeIDE_1.18.0/STM32CubeIDE/plugins/com.st.stm32cube.ide.mcu.externaltools.gnu-tools-for-stm32.13.3.rel1.win32_1.0.0.202411081344/tools/bin/../lib/gcc/arm-none-eabi/13.3.1/../../../../arm-none-eabi/lib/thumb/v7e-m+dp/hard\libc_nano.a(libc_a-mallocr.o)
                0x24004460                __malloc_sbrk_start
 .bss.__malloc_free_list
                0x24004464        0x4 C:/ST/STM32CubeIDE_1.18.0/STM32CubeIDE/plugins/com.st.stm32cube.ide.mcu.externaltools.gnu-tools-for-stm32.13.3.rel1.win32_1.0.0.202411081344/tools/bin/../lib/gcc/arm-none-eabi/13.3.1/../../../../arm-none-eabi/lib/thumb/v7e-m+dp/hard\libc_nano.a(libc_a-mallocr.o)
                0x24004464                __malloc_free_list
 .bss.__sf      0x24004468      0x138 C:/ST/STM32CubeIDE_1.18.0/STM32CubeIDE/plugins/com.st.stm32cube.ide.mcu.externaltools.gnu-tools-for-stm32.13.3.rel1.win32_1.0.0.202411081344/tools/bin/../lib/gcc/arm-none-eabi/13.3.1/../../../../arm-none-eabi/lib/thumb/v7e-m+dp/hard\libc_nano.a(libc_a-findfp.o)
                0x24004468                __sf
 .bss.__stdio_exit_handler
                0x240045a0        0x4 C:/ST/STM32CubeIDE_1.18.0/STM32CubeIDE/plugins/com.st.stm32cube.ide.mcu.externaltools.gnu-tools-for-stm32.13.3.rel1.win32_1.0.0.202411081344/tools/bin/../lib/gcc/arm-none-eabi/13.3.1/../../../../arm-none-eabi/lib/thumb/v7e-m+dp/hard\libc_nano.a(libc_a-findfp.o)
                0x240045a0                __stdio_exit_handler